<html>
<body>
<pre>
<h1>µVision Build Log</h1>
<h2>Tool Versions:</h2>
IDE-Version: ¦ÌVision V5.24.2.0
Copyright (C) 2017 ARM Ltd and ARM Germany GmbH. All rights reserved.
License Information: a 8615217655044, a, LIC=RC93N-YN0VS-ARJXW-Q6XX3-SM43U-6L94G
 
Tool Versions:
Toolchain:       MDK-ARM Plus  Version: 5.24.1
Toolchain Path:  D:\keil 5 MDK\ARM\ARMCC\Bin
C Compiler:      Armcc.exe V5.06 update 5 (build 528)
Assembler:       Armasm.exe V5.06 update 5 (build 528)
Linker/Locator:  ArmLink.exe V5.06 update 5 (build 528)
Library Manager: ArmAr.exe V5.06 update 5 (build 528)
Hex Converter:   FromElf.exe V5.06 update 5 (build 528)
CPU DLL:         SARMCM3.DLL V5.24.1
Dialog DLL:      DCM.DLL V1.16.0.0
Target DLL:      STLink\ST-LINKIII-KEIL_SWO.dll V3.0.1.0
Dialog DLL:      TCM.DLL V1.32.0.0
 
<h2>Project:</h2>
C:\Users\86152\Desktop\keil5 project\NFC_nozzle flow control\project.uvprojx
Project File Date:  05/15/2023

<h2>Output:</h2>
*** Using Compiler 'V5.06 update 5 (build 528)', folder: 'D:\keil 5 MDK\ARM\ARMCC\Bin'
Build target 'Target 1'
compiling main.c...
user\main.c(168): warning:  #550-D: variable "Queue_EncoderReceiveSts"  was set but never used
  	BaseType_t Encoder_AdjVal , Queue_EncoderReceiveSts;
user\main.c(182): warning:  #550-D: variable "Queue_EncoderSendSts"  was set but never used
  	BaseType_t Encoder_Adj,Queue_EncoderSendSts;
user\main.c(5): warning:  #550-D: variable "Motor_Sts"  was set but never used
  static uint8_t Motor_Sts=MOTOR_STOP;
user\main.c: 3 warnings, 0 errors
linking...
Program Size: Code=21102 RO-data=1918 RW-data=224 ZI-data=11744  
FromELF: creating hex file...
".\Objects\project.axf" - 0 Error(s), 3 Warning(s).

<h2>Software Packages used:</h2>

Package Vendor: Keil
                http://www.keil.com/pack/Keil.STM32F1xx_DFP.2.2.0.pack
                Keil.STM32F1xx_DFP.2.2.0
                STMicroelectronics STM32F1 Series Device Support, Drivers and Examples

<h2>Collection of Component include folders:</h2>
  .\RTE\_Target_1
  D:\keil 5 MDK\ARM\PACK\Keil\STM32F1xx_DFP\2.2.0\Device\Include

<h2>Collection of Component Files used:</h2>
Build Time Elapsed:  00:00:03
</pre>
</body>
</html>
