Component: ARM Compiler 5.06 update 5 (build 528) Tool: armlink [4d35e2]

==============================================================================

Section Cross References

    startup_stm32f10x_md.o(RESET) refers to startup_stm32f10x_md.o(STACK) for __initial_sp
    startup_stm32f10x_md.o(RESET) refers to startup_stm32f10x_md.o(.text) for Reset_Handler
    startup_stm32f10x_md.o(RESET) refers to stm32f10x_it.o(.text) for NMI_Handler
    startup_stm32f10x_md.o(RESET) refers to port.o(.emb_text) for SVC_Handler
    startup_stm32f10x_md.o(RESET) refers to hall.o(.text) for EXTI3_IRQHandler
    startup_stm32f10x_md.o(RESET) refers to usart.o(.text) for USART1_IRQHandler
    startup_stm32f10x_md.o(.text) refers to system_stm32f10x.o(.text) for SystemInit
    startup_stm32f10x_md.o(.text) refers to entry.o(.ARM.Collect$$$$00000000) for __main
    system_stm32f10x.o(.text) refers to system_stm32f10x.o(.data) for SystemCoreClock
    stm32f10x_adc.o(.text) refers to stm32f10x_rcc.o(i.RCC_APB2PeriphResetCmd) for RCC_APB2PeriphResetCmd
    stm32f10x_bkp.o(.text) refers to stm32f10x_rcc.o(i.RCC_BackupResetCmd) for RCC_BackupResetCmd
    stm32f10x_can.o(.text) refers to stm32f10x_rcc.o(i.RCC_APB1PeriphResetCmd) for RCC_APB1PeriphResetCmd
    stm32f10x_cec.o(.text) refers to stm32f10x_rcc.o(i.RCC_APB1PeriphResetCmd) for RCC_APB1PeriphResetCmd
    stm32f10x_dac.o(.text) refers to stm32f10x_rcc.o(i.RCC_APB1PeriphResetCmd) for RCC_APB1PeriphResetCmd
    stm32f10x_gpio.o(.text) refers to stm32f10x_rcc.o(i.RCC_APB2PeriphResetCmd) for RCC_APB2PeriphResetCmd
    stm32f10x_i2c.o(.text) refers to stm32f10x_rcc.o(i.RCC_APB1PeriphResetCmd) for RCC_APB1PeriphResetCmd
    stm32f10x_i2c.o(.text) refers to stm32f10x_rcc.o(i.RCC_GetClocksFreq) for RCC_GetClocksFreq
    stm32f10x_pwr.o(.text) refers to stm32f10x_rcc.o(i.RCC_APB1PeriphResetCmd) for RCC_APB1PeriphResetCmd
    stm32f10x_rcc.o(i.RCC_GetClocksFreq) refers to stm32f10x_rcc.o(.data) for APBAHBPrescTable
    stm32f10x_rcc.o(i.RCC_WaitForHSEStartUp) refers to stm32f10x_rcc.o(i.RCC_GetFlagStatus) for RCC_GetFlagStatus
    stm32f10x_spi.o(.text) refers to stm32f10x_rcc.o(i.RCC_APB2PeriphResetCmd) for RCC_APB2PeriphResetCmd
    stm32f10x_spi.o(.text) refers to stm32f10x_rcc.o(i.RCC_APB1PeriphResetCmd) for RCC_APB1PeriphResetCmd
    stm32f10x_spi.o(.text) refers to stm32f10x_rcc.o(i.RCC_GetClocksFreq) for RCC_GetClocksFreq
    stm32f10x_tim.o(.text) refers to stm32f10x_rcc.o(i.RCC_APB2PeriphResetCmd) for RCC_APB2PeriphResetCmd
    stm32f10x_tim.o(.text) refers to stm32f10x_rcc.o(i.RCC_APB1PeriphResetCmd) for RCC_APB1PeriphResetCmd
    stm32f10x_usart.o(.text) refers to stm32f10x_rcc.o(i.RCC_APB2PeriphResetCmd) for RCC_APB2PeriphResetCmd
    stm32f10x_usart.o(.text) refers to stm32f10x_rcc.o(i.RCC_APB1PeriphResetCmd) for RCC_APB1PeriphResetCmd
    stm32f10x_usart.o(.text) refers to stm32f10x_rcc.o(i.RCC_GetClocksFreq) for RCC_GetClocksFreq
    stm32f10x_wwdg.o(.text) refers to stm32f10x_rcc.o(i.RCC_APB1PeriphResetCmd) for RCC_APB1PeriphResetCmd
    main.o(.text) refers to motor.o(.text) for vMotor_SetSpeed
    main.o(.text) refers to encoder.o(.text) for xEncoder_Count
    main.o(.text) refers to queue.o(.text) for xQueueGenericSend
    main.o(.text) refers to dflti.o(.text) for __aeabi_i2d
    main.o(.text) refers to ddiv.o(.text) for __aeabi_ddiv
    main.o(.text) refers to dadd.o(.text) for __aeabi_dadd
    main.o(.text) refers to dfixui.o(.text) for __aeabi_d2uiz
    main.o(.text) refers to d2f.o(.text) for __aeabi_d2f
    main.o(.text) refers to oled.o(.text) for OLED_ShowFloatNum
    main.o(.text) refers to key.o(.text) for uKey_Scan
    main.o(.text) refers to tasks.o(.text) for vTaskResume
    main.o(.text) refers to port.o(.text) for vPortEnterCritical
    main.o(.text) refers to dfltui.o(.text) for __aeabi_ui2d
    main.o(.text) refers to dmul.o(.text) for __aeabi_dmul
    main.o(.text) refers to hall.o(.text) for uxHALL_GetCount
    main.o(.text) refers to pid.o(.text) for PID_OUT
    main.o(.text) refers to systick.o(.text) for SysTick_Init
    main.o(.text) refers to misc.o(.text) for NVIC_PriorityGroupConfig
    main.o(.text) refers to led.o(.text) for LED_Init
    main.o(.text) refers to usart.o(.text) for USART1_Init
    main.o(.text) refers to timers.o(.text) for xTimerCreate
    main.o(.text) refers to main.o(.data) for PID_PWM_Duty
    main.o(.text) refers to main.o(.bss) for pid
    stm32f10x_it.o(.text) refers to tasks.o(.text) for xTaskGetSchedulerState
    stm32f10x_it.o(.text) refers to port.o(.text) for xPortSysTickHandler
    usart.o(.text) refers to stm32f10x_usart.o(.text) for USART_SendData
    usart.o(.text) refers to stm32f10x_rcc.o(i.RCC_APB2PeriphClockCmd) for RCC_APB2PeriphClockCmd
    usart.o(.text) refers to stm32f10x_gpio.o(.text) for GPIO_Init
    usart.o(.text) refers to misc.o(.text) for NVIC_Init
    usart.o(.text) refers to usart.o(.data) for USART1_RX_STA
    usart.o(.text) refers to usart.o(.bss) for USART1_RX_BUF
    led.o(.text) refers to stm32f10x_rcc.o(i.RCC_APB2PeriphClockCmd) for RCC_APB2PeriphClockCmd
    led.o(.text) refers to stm32f10x_gpio.o(.text) for GPIO_Init
    encoder.o(.text) refers to stm32f10x_rcc.o(i.RCC_APB2PeriphClockCmd) for RCC_APB2PeriphClockCmd
    encoder.o(.text) refers to stm32f10x_gpio.o(.text) for GPIO_Init
    encoder.o(.text) refers to stm32f10x_rcc.o(i.RCC_APB1PeriphClockCmd) for RCC_APB1PeriphClockCmd
    encoder.o(.text) refers to stm32f10x_tim.o(.text) for TIM_TimeBaseInit
    oled.o(.text) refers to stm32f10x_rcc.o(i.RCC_APB2PeriphClockCmd) for RCC_APB2PeriphClockCmd
    oled.o(.text) refers to stm32f10x_gpio.o(.text) for GPIO_Init
    oled.o(.text) refers to ffixi.o(.text) for __aeabi_f2iz
    oled.o(.text) refers to ffltui.o(.text) for __aeabi_ui2f
    oled.o(.text) refers to fflti.o(.text) for __aeabi_i2f
    oled.o(.text) refers to fadd.o(.text) for __aeabi_frsub
    oled.o(.text) refers to oled.o(.constdata) for OLED_F16x16
    oled.o(.text) refers to fmul.o(.text) for __aeabi_fmul
    hall.o(.text) refers to stm32f10x_rcc.o(i.RCC_APB2PeriphClockCmd) for RCC_APB2PeriphClockCmd
    hall.o(.text) refers to stm32f10x_gpio.o(.text) for GPIO_Init
    hall.o(.text) refers to stm32f10x_exti.o(.text) for EXTI_Init
    hall.o(.text) refers to misc.o(.text) for NVIC_PriorityGroupConfig
    hall.o(.text) refers to hall.o(.data) for uxHALL_Count
    motor.o(.text) refers to stm32f10x_gpio.o(.text) for GPIO_SetBits
    motor.o(.text) refers to pwm.o(.text) for TIM_SetCCR
    motor.o(.text) refers to stm32f10x_rcc.o(i.RCC_APB2PeriphClockCmd) for RCC_APB2PeriphClockCmd
    key.o(.text) refers to stm32f10x_rcc.o(i.RCC_APB2PeriphClockCmd) for RCC_APB2PeriphClockCmd
    key.o(.text) refers to stm32f10x_gpio.o(.text) for GPIO_Init
    systick.o(.text) refers to misc.o(.text) for SysTick_CLKSourceConfig
    systick.o(.text) refers to tasks.o(.text) for vTaskDelay
    systick.o(.text) refers to system_stm32f10x.o(.data) for SystemCoreClock
    systick.o(.text) refers to systick.o(.data) for fac_us
    pwm.o(.text) refers to stm32f10x_rcc.o(i.RCC_APB2PeriphClockCmd) for RCC_APB2PeriphClockCmd
    pwm.o(.text) refers to stm32f10x_gpio.o(.text) for GPIO_Init
    pwm.o(.text) refers to stm32f10x_rcc.o(i.RCC_APB1PeriphClockCmd) for RCC_APB1PeriphClockCmd
    pwm.o(.text) refers to stm32f10x_tim.o(.text) for TIM_InternalClockConfig
    pid.o(.text) refers to fflti.o(.text) for __aeabi_i2f
    pid.o(.text) refers to fadd.o(.text) for __aeabi_fadd
    pid.o(.text) refers to fmul.o(.text) for __aeabi_fmul
    pid.o(.text) refers to cfcmple.o(.text) for __aeabi_cfcmple
    pid.o(.text) refers to cfrcmple.o(.text) for __aeabi_cfrcmple
    pid.o(.text) refers to ffixui.o(.text) for __aeabi_f2uiz
    event_groups.o(.text) refers to heap_4.o(.text) for pvPortMalloc
    event_groups.o(.text) refers to list.o(.text) for vListInitialise
    event_groups.o(.text) refers to tasks.o(.text) for vTaskSuspendAll
    event_groups.o(.text) refers to port.o(.text) for vPortEnterCritical
    queue.o(.text) refers to port.o(.text) for vPortEnterCritical
    queue.o(.text) refers to tasks.o(.text) for xTaskRemoveFromEventList
    queue.o(.text) refers to list.o(.text) for vListInitialise
    queue.o(.text) refers to heap_4.o(.text) for pvPortMalloc
    queue.o(.text) refers to memcpya.o(.text) for __aeabi_memcpy
    tasks.o(.text) refers to list.o(.text) for vListInitialise
    tasks.o(.text) refers to port.o(.text) for vPortEnterCritical
    tasks.o(.text) refers to heap_4.o(.text) for pvPortMalloc
    tasks.o(.text) refers to tasks.o(.bss) for pxReadyTasksLists
    tasks.o(.text) refers to tasks.o(.data) for pxDelayedTaskList
    tasks.o(.text) refers to timers.o(.text) for xTimerCreateTimerTask
    timers.o(.text) refers to list.o(.text) for vListInsert
    timers.o(.text) refers to tasks.o(.text) for xTaskGetSchedulerState
    timers.o(.text) refers to queue.o(.text) for xQueueGenericSend
    timers.o(.text) refers to heap_4.o(.text) for vPortFree
    timers.o(.text) refers to port.o(.text) for vPortEnterCritical
    timers.o(.text) refers to timers.o(.data) for pxOverflowTimerList
    timers.o(.text) refers to timers.o(.bss) for xActiveTimerList1
    heap_4.o(.text) refers to tasks.o(.text) for vTaskSuspendAll
    heap_4.o(.text) refers to heap_4.o(.data) for xStart
    heap_4.o(.text) refers to heap_4.o(.bss) for ucHeap
    port.o(.emb_text) refers to tasks.o(.text) for vTaskSwitchContext
    port.o(.emb_text) refers to tasks.o(.data) for pxCurrentTCB
    port.o(.text) refers to port.o(.emb_text) for __asm___6_port_c_39a90d8d__prvStartFirstTask
    port.o(.text) refers to tasks.o(.text) for xTaskIncrementTick
    port.o(.text) refers to port.o(.data) for uxCriticalNesting
    entry.o(.ARM.Collect$$$$00000000) refers (Special) to entry10a.o(.ARM.Collect$$$$0000000D) for __rt_final_cpp
    entry.o(.ARM.Collect$$$$00000000) refers (Special) to entry11a.o(.ARM.Collect$$$$0000000F) for __rt_final_exit
    entry.o(.ARM.Collect$$$$00000000) refers (Special) to entry7b.o(.ARM.Collect$$$$00000008) for _main_clock
    entry.o(.ARM.Collect$$$$00000000) refers (Special) to entry8b.o(.ARM.Collect$$$$0000000A) for _main_cpp_init
    entry.o(.ARM.Collect$$$$00000000) refers (Special) to entry9a.o(.ARM.Collect$$$$0000000B) for _main_init
    entry.o(.ARM.Collect$$$$00000000) refers (Special) to entry5.o(.ARM.Collect$$$$00000004) for _main_scatterload
    entry.o(.ARM.Collect$$$$00000000) refers (Special) to entry2.o(.ARM.Collect$$$$00000001) for _main_stk
    fadd.o(.text) refers (Special) to iusefp.o(.text) for __I$use$fp
    fadd.o(.text) refers to fepilogue.o(.text) for _float_epilogue
    fmul.o(.text) refers (Special) to iusefp.o(.text) for __I$use$fp
    dadd.o(.text) refers (Special) to iusefp.o(.text) for __I$use$fp
    dadd.o(.text) refers to llshl.o(.text) for __aeabi_llsl
    dadd.o(.text) refers to llsshr.o(.text) for __aeabi_lasr
    dadd.o(.text) refers to depilogue.o(.text) for _double_epilogue
    dmul.o(.text) refers (Special) to iusefp.o(.text) for __I$use$fp
    dmul.o(.text) refers to depilogue.o(.text) for _double_epilogue
    ddiv.o(.text) refers (Special) to iusefp.o(.text) for __I$use$fp
    ddiv.o(.text) refers to depilogue.o(.text) for _double_round
    fflti.o(.text) refers (Special) to iusefp.o(.text) for __I$use$fp
    fflti.o(.text) refers to fepilogue.o(.text) for _float_epilogue
    ffltui.o(.text) refers (Special) to iusefp.o(.text) for __I$use$fp
    ffltui.o(.text) refers to fepilogue.o(.text) for _float_epilogue
    dflti.o(.text) refers (Special) to iusefp.o(.text) for __I$use$fp
    dflti.o(.text) refers to depilogue.o(.text) for _double_epilogue
    dfltui.o(.text) refers (Special) to iusefp.o(.text) for __I$use$fp
    dfltui.o(.text) refers to depilogue.o(.text) for _double_epilogue
    ffixi.o(.text) refers (Special) to iusefp.o(.text) for __I$use$fp
    ffixui.o(.text) refers (Special) to iusefp.o(.text) for __I$use$fp
    dfixui.o(.text) refers (Special) to iusefp.o(.text) for __I$use$fp
    dfixui.o(.text) refers to llushr.o(.text) for __aeabi_llsr
    d2f.o(.text) refers (Special) to iusefp.o(.text) for __I$use$fp
    d2f.o(.text) refers to fepilogue.o(.text) for _float_round
    cfcmple.o(.text) refers (Special) to iusefp.o(.text) for __I$use$fp
    cfrcmple.o(.text) refers (Special) to iusefp.o(.text) for __I$use$fp
    entry2.o(.ARM.Collect$$$$00000001) refers to entry2.o(.ARM.Collect$$$$00002712) for __lit__00000000
    entry2.o(.ARM.Collect$$$$00002712) refers to startup_stm32f10x_md.o(STACK) for __initial_sp
    entry2.o(__vectab_stack_and_reset_area) refers to startup_stm32f10x_md.o(STACK) for __initial_sp
    entry2.o(__vectab_stack_and_reset_area) refers to entry.o(.ARM.Collect$$$$00000000) for __main
    entry5.o(.ARM.Collect$$$$00000004) refers to init.o(.text) for __scatterload
    entry9a.o(.ARM.Collect$$$$0000000B) refers to main.o(.text) for main
    entry9b.o(.ARM.Collect$$$$0000000C) refers to main.o(.text) for main
    depilogue.o(.text) refers to llshl.o(.text) for __aeabi_llsl
    depilogue.o(.text) refers to llushr.o(.text) for __aeabi_llsr
    init.o(.text) refers to entry5.o(.ARM.Collect$$$$00000004) for __main_after_scatterload


==============================================================================

Removing Unused input sections from the image.

    Removing core_cm3.o(.emb_text), (32 bytes).
    Removing startup_stm32f10x_md.o(HEAP), (512 bytes).
    Removing stm32f10x_adc.o(.text), (1102 bytes).
    Removing stm32f10x_bkp.o(.text), (196 bytes).
    Removing stm32f10x_can.o(.text), (2544 bytes).
    Removing stm32f10x_cec.o(.text), (288 bytes).
    Removing stm32f10x_crc.o(.text), (72 bytes).
    Removing stm32f10x_dac.o(.text), (396 bytes).
    Removing stm32f10x_dbgmcu.o(.text), (48 bytes).
    Removing stm32f10x_dma.o(.text), (596 bytes).
    Removing stm32f10x_flash.o(.text), (1468 bytes).
    Removing stm32f10x_fsmc.o(.text), (1548 bytes).
    Removing stm32f10x_i2c.o(.text), (1028 bytes).
    Removing stm32f10x_iwdg.o(.text), (64 bytes).
    Removing stm32f10x_pwr.o(.text), (204 bytes).
    Removing stm32f10x_rcc.o(i.RCC_ADCCLKConfig), (24 bytes).
    Removing stm32f10x_rcc.o(i.RCC_AHBPeriphClockCmd), (32 bytes).
    Removing stm32f10x_rcc.o(i.RCC_AdjustHSICalibrationValue), (24 bytes).
    Removing stm32f10x_rcc.o(i.RCC_BackupResetCmd), (12 bytes).
    Removing stm32f10x_rcc.o(i.RCC_ClearFlag), (20 bytes).
    Removing stm32f10x_rcc.o(i.RCC_ClearITPendingBit), (12 bytes).
    Removing stm32f10x_rcc.o(i.RCC_ClockSecuritySystemCmd), (12 bytes).
    Removing stm32f10x_rcc.o(i.RCC_DeInit), (76 bytes).
    Removing stm32f10x_rcc.o(i.RCC_GetFlagStatus), (60 bytes).
    Removing stm32f10x_rcc.o(i.RCC_GetITStatus), (24 bytes).
    Removing stm32f10x_rcc.o(i.RCC_GetSYSCLKSource), (16 bytes).
    Removing stm32f10x_rcc.o(i.RCC_HCLKConfig), (24 bytes).
    Removing stm32f10x_rcc.o(i.RCC_HSEConfig), (76 bytes).
    Removing stm32f10x_rcc.o(i.RCC_HSICmd), (12 bytes).
    Removing stm32f10x_rcc.o(i.RCC_ITConfig), (32 bytes).
    Removing stm32f10x_rcc.o(i.RCC_LSEConfig), (52 bytes).
    Removing stm32f10x_rcc.o(i.RCC_LSICmd), (12 bytes).
    Removing stm32f10x_rcc.o(i.RCC_MCOConfig), (12 bytes).
    Removing stm32f10x_rcc.o(i.RCC_PCLK1Config), (24 bytes).
    Removing stm32f10x_rcc.o(i.RCC_PCLK2Config), (24 bytes).
    Removing stm32f10x_rcc.o(i.RCC_PLLCmd), (12 bytes).
    Removing stm32f10x_rcc.o(i.RCC_PLLConfig), (28 bytes).
    Removing stm32f10x_rcc.o(i.RCC_RTCCLKCmd), (12 bytes).
    Removing stm32f10x_rcc.o(i.RCC_RTCCLKConfig), (16 bytes).
    Removing stm32f10x_rcc.o(i.RCC_SYSCLKConfig), (24 bytes).
    Removing stm32f10x_rcc.o(i.RCC_USBCLKConfig), (12 bytes).
    Removing stm32f10x_rcc.o(i.RCC_WaitForHSEStartUp), (56 bytes).
    Removing stm32f10x_rtc.o(.text), (328 bytes).
    Removing stm32f10x_sdio.o(.text), (468 bytes).
    Removing stm32f10x_spi.o(.text), (780 bytes).
    Removing stm32f10x_wwdg.o(.text), (136 bytes).
    Removing event_groups.o(.text), (708 bytes).

47 unused section(s) (total 13258 bytes) removed from the image.

==============================================================================

Image Symbol Table

    Local Symbols

    Symbol Name                              Value     Ov Type        Size  Object(Section)

    ../clib/microlib/init/entry.s            0x00000000   Number         0  entry10a.o ABSOLUTE
    ../clib/microlib/init/entry.s            0x00000000   Number         0  entry8a.o ABSOLUTE
    ../clib/microlib/init/entry.s            0x00000000   Number         0  entry7a.o ABSOLUTE
    ../clib/microlib/init/entry.s            0x00000000   Number         0  entry8b.o ABSOLUTE
    ../clib/microlib/init/entry.s            0x00000000   Number         0  entry9b.o ABSOLUTE
    ../clib/microlib/init/entry.s            0x00000000   Number         0  entry11a.o ABSOLUTE
    ../clib/microlib/init/entry.s            0x00000000   Number         0  entry11b.o ABSOLUTE
    ../clib/microlib/init/entry.s            0x00000000   Number         0  entry9a.o ABSOLUTE
    ../clib/microlib/init/entry.s            0x00000000   Number         0  entry.o ABSOLUTE
    ../clib/microlib/init/entry.s            0x00000000   Number         0  entry2.o ABSOLUTE
    ../clib/microlib/init/entry.s            0x00000000   Number         0  entry5.o ABSOLUTE
    ../clib/microlib/init/entry.s            0x00000000   Number         0  entry7b.o ABSOLUTE
    ../clib/microlib/init/entry.s            0x00000000   Number         0  entry10b.o ABSOLUTE
    ../clib/microlib/longlong.c              0x00000000   Number         0  llshl.o ABSOLUTE
    ../clib/microlib/longlong.c              0x00000000   Number         0  llushr.o ABSOLUTE
    ../clib/microlib/longlong.c              0x00000000   Number         0  llsshr.o ABSOLUTE
    ../clib/microlib/string/memcpy.c         0x00000000   Number         0  memcpya.o ABSOLUTE
    ../clib/microlib/string/memcpy.c         0x00000000   Number         0  memcpyb.o ABSOLUTE
    ../clib/microlib/stubs.s                 0x00000000   Number         0  iusefp.o ABSOLUTE
    ../fplib/microlib/d2f.c                  0x00000000   Number         0  d2f.o ABSOLUTE
    ../fplib/microlib/fpadd.c                0x00000000   Number         0  fadd.o ABSOLUTE
    ../fplib/microlib/fpadd.c                0x00000000   Number         0  dadd.o ABSOLUTE
    ../fplib/microlib/fpdiv.c                0x00000000   Number         0  ddiv.o ABSOLUTE
    ../fplib/microlib/fpepilogue.c           0x00000000   Number         0  fepilogue.o ABSOLUTE
    ../fplib/microlib/fpepilogue.c           0x00000000   Number         0  depilogue.o ABSOLUTE
    ../fplib/microlib/fpfix.c                0x00000000   Number         0  ffixi.o ABSOLUTE
    ../fplib/microlib/fpfix.c                0x00000000   Number         0  ffixui.o ABSOLUTE
    ../fplib/microlib/fpfix.c                0x00000000   Number         0  dfixui.o ABSOLUTE
    ../fplib/microlib/fpflt.c                0x00000000   Number         0  ffltui.o ABSOLUTE
    ../fplib/microlib/fpflt.c                0x00000000   Number         0  dfltui.o ABSOLUTE
    ../fplib/microlib/fpflt.c                0x00000000   Number         0  dflti.o ABSOLUTE
    ../fplib/microlib/fpflt.c                0x00000000   Number         0  fflti.o ABSOLUTE
    ../fplib/microlib/fpmul.c                0x00000000   Number         0  dmul.o ABSOLUTE
    ../fplib/microlib/fpmul.c                0x00000000   Number         0  fmul.o ABSOLUTE
    HardWare\Encoder.c                       0x00000000   Number         0  encoder.o ABSOLUTE
    HardWare\HALL.c                          0x00000000   Number         0  hall.o ABSOLUTE
    HardWare\Key.c                           0x00000000   Number         0  key.o ABSOLUTE
    HardWare\Motor.c                         0x00000000   Number         0  motor.o ABSOLUTE
    HardWare\OLED.c                          0x00000000   Number         0  oled.o ABSOLUTE
    HardWare\led.c                           0x00000000   Number         0  led.o ABSOLUTE
    HardWare\usart.c                         0x00000000   Number         0  usart.o ABSOLUTE
    Library\misc.c                           0x00000000   Number         0  misc.o ABSOLUTE
    Library\stm32f10x_adc.c                  0x00000000   Number         0  stm32f10x_adc.o ABSOLUTE
    Library\stm32f10x_bkp.c                  0x00000000   Number         0  stm32f10x_bkp.o ABSOLUTE
    Library\stm32f10x_can.c                  0x00000000   Number         0  stm32f10x_can.o ABSOLUTE
    Library\stm32f10x_cec.c                  0x00000000   Number         0  stm32f10x_cec.o ABSOLUTE
    Library\stm32f10x_crc.c                  0x00000000   Number         0  stm32f10x_crc.o ABSOLUTE
    Library\stm32f10x_dac.c                  0x00000000   Number         0  stm32f10x_dac.o ABSOLUTE
    Library\stm32f10x_dbgmcu.c               0x00000000   Number         0  stm32f10x_dbgmcu.o ABSOLUTE
    Library\stm32f10x_dma.c                  0x00000000   Number         0  stm32f10x_dma.o ABSOLUTE
    Library\stm32f10x_exti.c                 0x00000000   Number         0  stm32f10x_exti.o ABSOLUTE
    Library\stm32f10x_flash.c                0x00000000   Number         0  stm32f10x_flash.o ABSOLUTE
    Library\stm32f10x_fsmc.c                 0x00000000   Number         0  stm32f10x_fsmc.o ABSOLUTE
    Library\stm32f10x_gpio.c                 0x00000000   Number         0  stm32f10x_gpio.o ABSOLUTE
    Library\stm32f10x_i2c.c                  0x00000000   Number         0  stm32f10x_i2c.o ABSOLUTE
    Library\stm32f10x_iwdg.c                 0x00000000   Number         0  stm32f10x_iwdg.o ABSOLUTE
    Library\stm32f10x_pwr.c                  0x00000000   Number         0  stm32f10x_pwr.o ABSOLUTE
    Library\stm32f10x_rcc.c                  0x00000000   Number         0  stm32f10x_rcc.o ABSOLUTE
    Library\stm32f10x_rtc.c                  0x00000000   Number         0  stm32f10x_rtc.o ABSOLUTE
    Library\stm32f10x_sdio.c                 0x00000000   Number         0  stm32f10x_sdio.o ABSOLUTE
    Library\stm32f10x_spi.c                  0x00000000   Number         0  stm32f10x_spi.o ABSOLUTE
    Library\stm32f10x_tim.c                  0x00000000   Number         0  stm32f10x_tim.o ABSOLUTE
    Library\stm32f10x_usart.c                0x00000000   Number         0  stm32f10x_usart.o ABSOLUTE
    Library\stm32f10x_wwdg.c                 0x00000000   Number         0  stm32f10x_wwdg.o ABSOLUTE
    System\PID.c                             0x00000000   Number         0  pid.o ABSOLUTE
    System\PWM.c                             0x00000000   Number         0  pwm.o ABSOLUTE
    System\SysTick.c                         0x00000000   Number         0  systick.o ABSOLUTE
    System\system.c                          0x00000000   Number         0  system.o ABSOLUTE
    User\stm32f10x_it.c                      0x00000000   Number         0  stm32f10x_it.o ABSOLUTE
    cfcmple.s                                0x00000000   Number         0  cfcmple.o ABSOLUTE
    cfrcmple.s                               0x00000000   Number         0  cfrcmple.o ABSOLUTE
    dc.s                                     0x00000000   Number         0  dc.o ABSOLUTE
    freertos\\portable\\RVDS\\ARM_CM3\\port.c 0x00000000   Number         0  port.o ABSOLUTE
    freertos\croutine.c                      0x00000000   Number         0  croutine.o ABSOLUTE
    freertos\event_groups.c                  0x00000000   Number         0  event_groups.o ABSOLUTE
    freertos\list.c                          0x00000000   Number         0  list.o ABSOLUTE
    freertos\portable\MemMang\heap_4.c       0x00000000   Number         0  heap_4.o ABSOLUTE
    freertos\portable\RVDS\ARM_CM3\port.c    0x00000000   Number         0  port.o ABSOLUTE
    freertos\queue.c                         0x00000000   Number         0  queue.o ABSOLUTE
    freertos\tasks.c                         0x00000000   Number         0  tasks.o ABSOLUTE
    freertos\timers.c                        0x00000000   Number         0  timers.o ABSOLUTE
    handlers.s                               0x00000000   Number         0  handlers.o ABSOLUTE
    init.s                                   0x00000000   Number         0  init.o ABSOLUTE
    stm32 start\\core_cm3.c                  0x00000000   Number         0  core_cm3.o ABSOLUTE
    stm32 start\core_cm3.c                   0x00000000   Number         0  core_cm3.o ABSOLUTE
    stm32 start\startup_stm32f10x_md.s       0x00000000   Number         0  startup_stm32f10x_md.o ABSOLUTE
    stm32 start\system_stm32f10x.c           0x00000000   Number         0  system_stm32f10x.o ABSOLUTE
    user\main.c                              0x00000000   Number         0  main.o ABSOLUTE
    RESET                                    0x08000000   Section      236  startup_stm32f10x_md.o(RESET)
    .ARM.Collect$$$$00000000                 0x080000ec   Section        0  entry.o(.ARM.Collect$$$$00000000)
    .ARM.Collect$$$$00000001                 0x080000ec   Section        4  entry2.o(.ARM.Collect$$$$00000001)
    .ARM.Collect$$$$00000004                 0x080000f0   Section        4  entry5.o(.ARM.Collect$$$$00000004)
    .ARM.Collect$$$$00000008                 0x080000f4   Section        0  entry7b.o(.ARM.Collect$$$$00000008)
    .ARM.Collect$$$$0000000A                 0x080000f4   Section        0  entry8b.o(.ARM.Collect$$$$0000000A)
    .ARM.Collect$$$$0000000B                 0x080000f4   Section        8  entry9a.o(.ARM.Collect$$$$0000000B)
    .ARM.Collect$$$$0000000D                 0x080000fc   Section        0  entry10a.o(.ARM.Collect$$$$0000000D)
    .ARM.Collect$$$$0000000F                 0x080000fc   Section        0  entry11a.o(.ARM.Collect$$$$0000000F)
    .ARM.Collect$$$$00002712                 0x080000fc   Section        4  entry2.o(.ARM.Collect$$$$00002712)
    __lit__00000000                          0x080000fc   Data           4  entry2.o(.ARM.Collect$$$$00002712)
    .emb_text                                0x08000100   Section      150  port.o(.emb_text)
    .text                                    0x08000198   Section       36  startup_stm32f10x_md.o(.text)
    .text                                    0x080001bc   Section        0  system_stm32f10x.o(.text)
    SetSysClockTo72                          0x080001bd   Thumb Code   214  system_stm32f10x.o(.text)
    SetSysClock                              0x08000293   Thumb Code     8  system_stm32f10x.o(.text)
    .text                                    0x0800039c   Section        0  misc.o(.text)
    .text                                    0x08000478   Section        0  stm32f10x_exti.o(.text)
    .text                                    0x08000594   Section        0  stm32f10x_gpio.o(.text)
    .text                                    0x080008f0   Section        0  stm32f10x_tim.o(.text)
    TI4_Config                               0x08000d97   Thumb Code   130  stm32f10x_tim.o(.text)
    TI3_Config                               0x08000e2b   Thumb Code   122  stm32f10x_tim.o(.text)
    TI2_Config                               0x08000ebf   Thumb Code   130  stm32f10x_tim.o(.text)
    TI1_Config                               0x08000f53   Thumb Code   108  stm32f10x_tim.o(.text)
    .text                                    0x0800170c   Section        0  stm32f10x_usart.o(.text)
    .text                                    0x08001b14   Section        0  main.o(.text)
    Encoder_task                             0x08001b21   Thumb Code    92  main.o(.text)
    OLED_task                                0x08001b7d   Thumb Code    76  main.o(.text)
    Timer2_PeriodicScan_Function             0x08001bff   Thumb Code     2  main.o(.text)
    Timer1_PeriodicHALLSample_Function       0x08001c01   Thumb Code   106  main.o(.text)
    start_task                               0x08001cf1   Thumb Code   206  main.o(.text)
    .text                                    0x08001ed8   Section        0  stm32f10x_it.o(.text)
    .text                                    0x08001efc   Section        0  usart.o(.text)
    .text                                    0x0800204c   Section        0  led.o(.text)
    .text                                    0x080020f0   Section        0  encoder.o(.text)
    .text                                    0x080021bc   Section        0  oled.o(.text)
    .text                                    0x080026b8   Section        0  hall.o(.text)
    .text                                    0x08002764   Section        0  motor.o(.text)
    .text                                    0x080027cc   Section        0  key.o(.text)
    .text                                    0x0800281c   Section        0  systick.o(.text)
    .text                                    0x08002908   Section        0  pwm.o(.text)
    .text                                    0x080029b8   Section        0  pid.o(.text)
    .text                                    0x08002a54   Section        0  list.o(.text)
    .text                                    0x08002ae8   Section        0  queue.o(.text)
    prvInitialiseNewQueue                    0x08002b63   Thumb Code    38  queue.o(.text)
    prvUnlockQueue                           0x08002bc1   Thumb Code   126  queue.o(.text)
    prvIsQueueFull                           0x08002c3f   Thumb Code    30  queue.o(.text)
    prvCopyDataToQueue                       0x08002c5d   Thumb Code   124  queue.o(.text)
    prvInitialiseMutex                       0x08002ded   Thumb Code    28  queue.o(.text)
    prvIsQueueEmpty                          0x08002f47   Thumb Code    26  queue.o(.text)
    prvCopyDataFromQueue                     0x08002f61   Thumb Code    42  queue.o(.text)
    .text                                    0x08003258   Section        0  tasks.o(.text)
    prvInitialiseTaskLists                   0x08003259   Thumb Code    70  tasks.o(.text)
    prvAddNewTaskToReadyList                 0x0800329f   Thumb Code   150  tasks.o(.text)
    prvInitialiseNewTask                     0x08003335   Thumb Code   134  tasks.o(.text)
    prvResetNextTaskUnblockTime              0x0800341b   Thumb Code    42  tasks.o(.text)
    prvDeleteTCB                             0x08003445   Thumb Code    18  tasks.o(.text)
    prvAddCurrentTaskToDelayedList           0x08003705   Thumb Code   124  tasks.o(.text)
    prvTaskIsTaskSuspended                   0x08003a45   Thumb Code    56  tasks.o(.text)
    prvCheckTasksWaitingTermination          0x08003ba9   Thumb Code    86  tasks.o(.text)
    prvIdleTask                              0x08003bff   Thumb Code    32  tasks.o(.text)
    .text                                    0x08004394   Section        0  timers.o(.text)
    prvInsertTimerInActiveList               0x08004395   Thumb Code    80  timers.o(.text)
    prvSwitchTimerLists                      0x0800444b   Thumb Code   122  timers.o(.text)
    prvSampleTimeNow                         0x080044c5   Thumb Code    40  timers.o(.text)
    prvProcessReceivedCommands               0x080044ed   Thumb Code   184  timers.o(.text)
    prvProcessExpiredTimer                   0x080045a5   Thumb Code    70  timers.o(.text)
    prvProcessTimerOrBlockTask               0x080045eb   Thumb Code   102  timers.o(.text)
    prvGetNextExpireTime                     0x08004651   Thumb Code    36  timers.o(.text)
    prvTimerTask                             0x08004675   Thumb Code    26  timers.o(.text)
    prvCheckForValidListAndQueue             0x0800468f   Thumb Code    56  timers.o(.text)
    prvInitialiseNewTimer                    0x080046ef   Thumb Code    46  timers.o(.text)
    .text                                    0x080047e0   Section        0  heap_4.o(.text)
    prvInsertBlockIntoFreeList               0x080047e1   Thumb Code    96  heap_4.o(.text)
    prvHeapInit                              0x08004841   Thumb Code    98  heap_4.o(.text)
    .text                                    0x080049c4   Section        0  port.o(.text)
    prvTaskExitError                         0x080049c5   Thumb Code    22  port.o(.text)
    .text                                    0x08004aac   Section        0  memcpya.o(.text)
    .text                                    0x08004ad0   Section        0  fadd.o(.text)
    .text                                    0x08004b80   Section        0  fmul.o(.text)
    .text                                    0x08004be4   Section        0  dadd.o(.text)
    .text                                    0x08004d32   Section        0  dmul.o(.text)
    .text                                    0x08004e16   Section        0  ddiv.o(.text)
    .text                                    0x08004ef4   Section        0  fflti.o(.text)
    .text                                    0x08004f06   Section        0  ffltui.o(.text)
    .text                                    0x08004f10   Section        0  dflti.o(.text)
    .text                                    0x08004f32   Section        0  dfltui.o(.text)
    .text                                    0x08004f4c   Section        0  ffixi.o(.text)
    .text                                    0x08004f7e   Section        0  ffixui.o(.text)
    .text                                    0x08004fa6   Section        0  dfixui.o(.text)
    .text                                    0x08004fd8   Section        0  d2f.o(.text)
    .text                                    0x08005010   Section       20  cfcmple.o(.text)
    .text                                    0x08005024   Section       20  cfrcmple.o(.text)
    .text                                    0x08005038   Section        0  llshl.o(.text)
    .text                                    0x08005056   Section        0  llushr.o(.text)
    .text                                    0x08005076   Section        0  llsshr.o(.text)
    .text                                    0x0800509a   Section        0  fepilogue.o(.text)
    .text                                    0x0800509a   Section        0  iusefp.o(.text)
    .text                                    0x08005108   Section        0  depilogue.o(.text)
    .text                                    0x080051c4   Section       36  init.o(.text)
    i.RCC_APB1PeriphClockCmd                 0x080051e8   Section        0  stm32f10x_rcc.o(i.RCC_APB1PeriphClockCmd)
    i.RCC_APB1PeriphResetCmd                 0x08005208   Section        0  stm32f10x_rcc.o(i.RCC_APB1PeriphResetCmd)
    i.RCC_APB2PeriphClockCmd                 0x08005228   Section        0  stm32f10x_rcc.o(i.RCC_APB2PeriphClockCmd)
    i.RCC_APB2PeriphResetCmd                 0x08005248   Section        0  stm32f10x_rcc.o(i.RCC_APB2PeriphResetCmd)
    i.RCC_GetClocksFreq                      0x08005268   Section        0  stm32f10x_rcc.o(i.RCC_GetClocksFreq)
    i.__scatterload_copy                     0x0800533c   Section       14  handlers.o(i.__scatterload_copy)
    i.__scatterload_null                     0x0800534a   Section        2  handlers.o(i.__scatterload_null)
    i.__scatterload_zeroinit                 0x0800534c   Section       14  handlers.o(i.__scatterload_zeroinit)
    .constdata                               0x0800535a   Section     1648  oled.o(.constdata)
    .data                                    0x20000000   Section       20  system_stm32f10x.o(.data)
    .data                                    0x20000014   Section       20  stm32f10x_rcc.o(.data)
    APBAHBPrescTable                         0x20000014   Data          16  stm32f10x_rcc.o(.data)
    ADCPrescTable                            0x20000024   Data           4  stm32f10x_rcc.o(.data)
    .data                                    0x20000028   Section       66  main.o(.data)
    HALL_CNTActul                            0x2000004c   Data           4  main.o(.data)
    HALL_CNTTarget                           0x20000050   Data           4  main.o(.data)
    HALL_Flow                                0x20000054   Data           4  main.o(.data)
    Motor_Sts                                0x20000058   Data           1  main.o(.data)
    kp                                       0x2000005c   Data           4  main.o(.data)
    ki                                       0x20000060   Data           4  main.o(.data)
    kd                                       0x20000064   Data           4  main.o(.data)
    .data                                    0x2000006a   Section        2  usart.o(.data)
    .data                                    0x2000006c   Section        4  hall.o(.data)
    .data                                    0x20000070   Section        4  systick.o(.data)
    fac_us                                   0x20000070   Data           1  systick.o(.data)
    fac_ms                                   0x20000072   Data           2  systick.o(.data)
    .data                                    0x20000074   Section       60  tasks.o(.data)
    pxDelayedTaskList                        0x20000078   Data           4  tasks.o(.data)
    pxOverflowDelayedTaskList                0x2000007c   Data           4  tasks.o(.data)
    uxDeletedTasksWaitingCleanUp             0x20000080   Data           4  tasks.o(.data)
    uxCurrentNumberOfTasks                   0x20000084   Data           4  tasks.o(.data)
    xTickCount                               0x20000088   Data           4  tasks.o(.data)
    uxTopReadyPriority                       0x2000008c   Data           4  tasks.o(.data)
    xSchedulerRunning                        0x20000090   Data           4  tasks.o(.data)
    uxPendedTicks                            0x20000094   Data           4  tasks.o(.data)
    xYieldPending                            0x20000098   Data           4  tasks.o(.data)
    xNumOfOverflows                          0x2000009c   Data           4  tasks.o(.data)
    uxTaskNumber                             0x200000a0   Data           4  tasks.o(.data)
    xNextTaskUnblockTime                     0x200000a4   Data           4  tasks.o(.data)
    xIdleTaskHandle                          0x200000a8   Data           4  tasks.o(.data)
    uxSchedulerSuspended                     0x200000ac   Data           4  tasks.o(.data)
    .data                                    0x200000b0   Section       20  timers.o(.data)
    pxCurrentTimerList                       0x200000b0   Data           4  timers.o(.data)
    pxOverflowTimerList                      0x200000b4   Data           4  timers.o(.data)
    xTimerQueue                              0x200000b8   Data           4  timers.o(.data)
    xTimerTaskHandle                         0x200000bc   Data           4  timers.o(.data)
    xLastTime                                0x200000c0   Data           4  timers.o(.data)
    .data                                    0x200000c4   Section       24  heap_4.o(.data)
    xStart                                   0x200000c4   Data           8  heap_4.o(.data)
    pxEnd                                    0x200000cc   Data           4  heap_4.o(.data)
    xFreeBytesRemaining                      0x200000d0   Data           4  heap_4.o(.data)
    xMinimumEverFreeBytesRemaining           0x200000d4   Data           4  heap_4.o(.data)
    xBlockAllocatedBit                       0x200000d8   Data           4  heap_4.o(.data)
    .data                                    0x200000dc   Section        4  port.o(.data)
    uxCriticalNesting                        0x200000dc   Data           4  port.o(.data)
    .bss                                     0x200000e0   Section       36  main.o(.bss)
    .bss                                     0x20000104   Section      200  usart.o(.bss)
    .bss                                     0x200001cc   Section      200  tasks.o(.bss)
    pxReadyTasksLists                        0x200001cc   Data         100  tasks.o(.bss)
    xDelayedTaskList1                        0x20000230   Data          20  tasks.o(.bss)
    xDelayedTaskList2                        0x20000244   Data          20  tasks.o(.bss)
    xPendingReadyList                        0x20000258   Data          20  tasks.o(.bss)
    xTasksWaitingTermination                 0x2000026c   Data          20  tasks.o(.bss)
    xSuspendedTaskList                       0x20000280   Data          20  tasks.o(.bss)
    .bss                                     0x20000294   Section       40  timers.o(.bss)
    xActiveTimerList1                        0x20000294   Data          20  timers.o(.bss)
    xActiveTimerList2                        0x200002a8   Data          20  timers.o(.bss)
    .bss                                     0x200002bc   Section    10240  heap_4.o(.bss)
    ucHeap                                   0x200002bc   Data       10240  heap_4.o(.bss)
    STACK                                    0x20002ac0   Section     1024  startup_stm32f10x_md.o(STACK)

    Global Symbols

    Symbol Name                              Value     Ov Type        Size  Object(Section)

    BuildAttributes$$THM_ISAv4$P$D$K$B$S$PE$A:L22UL41UL21$X:L11$S22US41US21$IEEE1$IW$USESV6$~STKCKD$USESV7$~SHL$OTIME$ROPI$EBA8$MICROLIB$REQ8$PRES8$EABIv2 0x00000000   Number         0  anon$$obj.o ABSOLUTE
    __ARM_use_no_argv                        0x00000000   Number         0  main.o ABSOLUTE
    __cpp_initialize__aeabi_                  - Undefined Weak Reference
    __cxa_finalize                            - Undefined Weak Reference
    __decompress                              - Undefined Weak Reference
    _clock_init                               - Undefined Weak Reference
    _microlib_exit                            - Undefined Weak Reference
    __Vectors_Size                           0x000000ec   Number         0  startup_stm32f10x_md.o ABSOLUTE
    __Vectors                                0x08000000   Data           4  startup_stm32f10x_md.o(RESET)
    __Vectors_End                            0x080000ec   Data           0  startup_stm32f10x_md.o(RESET)
    __main                                   0x080000ed   Thumb Code     0  entry.o(.ARM.Collect$$$$00000000)
    _main_stk                                0x080000ed   Thumb Code     0  entry2.o(.ARM.Collect$$$$00000001)
    _main_scatterload                        0x080000f1   Thumb Code     0  entry5.o(.ARM.Collect$$$$00000004)
    __main_after_scatterload                 0x080000f5   Thumb Code     0  entry5.o(.ARM.Collect$$$$00000004)
    _main_clock                              0x080000f5   Thumb Code     0  entry7b.o(.ARM.Collect$$$$00000008)
    _main_cpp_init                           0x080000f5   Thumb Code     0  entry8b.o(.ARM.Collect$$$$0000000A)
    _main_init                               0x080000f5   Thumb Code     0  entry9a.o(.ARM.Collect$$$$0000000B)
    __rt_final_cpp                           0x080000fd   Thumb Code     0  entry10a.o(.ARM.Collect$$$$0000000D)
    __rt_final_exit                          0x080000fd   Thumb Code     0  entry11a.o(.ARM.Collect$$$$0000000F)
    SVC_Handler                              0x08000101   Thumb Code    32  port.o(.emb_text)
    __asm___6_port_c_39a90d8d__prvStartFirstTask 0x08000125   Thumb Code    28  port.o(.emb_text)
    PendSV_Handler                           0x08000145   Thumb Code    72  port.o(.emb_text)
    vPortGetIPSR                             0x08000191   Thumb Code     6  port.o(.emb_text)
    Reset_Handler                            0x08000199   Thumb Code     8  startup_stm32f10x_md.o(.text)
    ADC1_2_IRQHandler                        0x080001b3   Thumb Code     0  startup_stm32f10x_md.o(.text)
    CAN1_RX1_IRQHandler                      0x080001b3   Thumb Code     0  startup_stm32f10x_md.o(.text)
    CAN1_SCE_IRQHandler                      0x080001b3   Thumb Code     0  startup_stm32f10x_md.o(.text)
    DMA1_Channel1_IRQHandler                 0x080001b3   Thumb Code     0  startup_stm32f10x_md.o(.text)
    DMA1_Channel2_IRQHandler                 0x080001b3   Thumb Code     0  startup_stm32f10x_md.o(.text)
    DMA1_Channel3_IRQHandler                 0x080001b3   Thumb Code     0  startup_stm32f10x_md.o(.text)
    DMA1_Channel4_IRQHandler                 0x080001b3   Thumb Code     0  startup_stm32f10x_md.o(.text)
    DMA1_Channel5_IRQHandler                 0x080001b3   Thumb Code     0  startup_stm32f10x_md.o(.text)
    DMA1_Channel6_IRQHandler                 0x080001b3   Thumb Code     0  startup_stm32f10x_md.o(.text)
    DMA1_Channel7_IRQHandler                 0x080001b3   Thumb Code     0  startup_stm32f10x_md.o(.text)
    EXTI0_IRQHandler                         0x080001b3   Thumb Code     0  startup_stm32f10x_md.o(.text)
    EXTI15_10_IRQHandler                     0x080001b3   Thumb Code     0  startup_stm32f10x_md.o(.text)
    EXTI1_IRQHandler                         0x080001b3   Thumb Code     0  startup_stm32f10x_md.o(.text)
    EXTI2_IRQHandler                         0x080001b3   Thumb Code     0  startup_stm32f10x_md.o(.text)
    EXTI4_IRQHandler                         0x080001b3   Thumb Code     0  startup_stm32f10x_md.o(.text)
    EXTI9_5_IRQHandler                       0x080001b3   Thumb Code     0  startup_stm32f10x_md.o(.text)
    FLASH_IRQHandler                         0x080001b3   Thumb Code     0  startup_stm32f10x_md.o(.text)
    I2C1_ER_IRQHandler                       0x080001b3   Thumb Code     0  startup_stm32f10x_md.o(.text)
    I2C1_EV_IRQHandler                       0x080001b3   Thumb Code     0  startup_stm32f10x_md.o(.text)
    I2C2_ER_IRQHandler                       0x080001b3   Thumb Code     0  startup_stm32f10x_md.o(.text)
    I2C2_EV_IRQHandler                       0x080001b3   Thumb Code     0  startup_stm32f10x_md.o(.text)
    PVD_IRQHandler                           0x080001b3   Thumb Code     0  startup_stm32f10x_md.o(.text)
    RCC_IRQHandler                           0x080001b3   Thumb Code     0  startup_stm32f10x_md.o(.text)
    RTCAlarm_IRQHandler                      0x080001b3   Thumb Code     0  startup_stm32f10x_md.o(.text)
    RTC_IRQHandler                           0x080001b3   Thumb Code     0  startup_stm32f10x_md.o(.text)
    SPI1_IRQHandler                          0x080001b3   Thumb Code     0  startup_stm32f10x_md.o(.text)
    SPI2_IRQHandler                          0x080001b3   Thumb Code     0  startup_stm32f10x_md.o(.text)
    TAMPER_IRQHandler                        0x080001b3   Thumb Code     0  startup_stm32f10x_md.o(.text)
    TIM1_BRK_IRQHandler                      0x080001b3   Thumb Code     0  startup_stm32f10x_md.o(.text)
    TIM1_CC_IRQHandler                       0x080001b3   Thumb Code     0  startup_stm32f10x_md.o(.text)
    TIM1_TRG_COM_IRQHandler                  0x080001b3   Thumb Code     0  startup_stm32f10x_md.o(.text)
    TIM1_UP_IRQHandler                       0x080001b3   Thumb Code     0  startup_stm32f10x_md.o(.text)
    TIM2_IRQHandler                          0x080001b3   Thumb Code     0  startup_stm32f10x_md.o(.text)
    TIM3_IRQHandler                          0x080001b3   Thumb Code     0  startup_stm32f10x_md.o(.text)
    TIM4_IRQHandler                          0x080001b3   Thumb Code     0  startup_stm32f10x_md.o(.text)
    USART2_IRQHandler                        0x080001b3   Thumb Code     0  startup_stm32f10x_md.o(.text)
    USART3_IRQHandler                        0x080001b3   Thumb Code     0  startup_stm32f10x_md.o(.text)
    USBWakeUp_IRQHandler                     0x080001b3   Thumb Code     0  startup_stm32f10x_md.o(.text)
    USB_HP_CAN1_TX_IRQHandler                0x080001b3   Thumb Code     0  startup_stm32f10x_md.o(.text)
    USB_LP_CAN1_RX0_IRQHandler               0x080001b3   Thumb Code     0  startup_stm32f10x_md.o(.text)
    WWDG_IRQHandler                          0x080001b3   Thumb Code     0  startup_stm32f10x_md.o(.text)
    SystemInit                               0x0800029b   Thumb Code    78  system_stm32f10x.o(.text)
    SystemCoreClockUpdate                    0x080002e9   Thumb Code   142  system_stm32f10x.o(.text)
    NVIC_PriorityGroupConfig                 0x0800039d   Thumb Code    10  misc.o(.text)
    NVIC_Init                                0x080003a7   Thumb Code   100  misc.o(.text)
    NVIC_SetVectorTable                      0x0800040b   Thumb Code    14  misc.o(.text)
    NVIC_SystemLPConfig                      0x08000419   Thumb Code    34  misc.o(.text)
    SysTick_CLKSourceConfig                  0x0800043b   Thumb Code    40  misc.o(.text)
    EXTI_DeInit                              0x08000479   Thumb Code    28  stm32f10x_exti.o(.text)
    EXTI_Init                                0x08000495   Thumb Code   142  stm32f10x_exti.o(.text)
    EXTI_StructInit                          0x08000523   Thumb Code    16  stm32f10x_exti.o(.text)
    EXTI_GenerateSWInterrupt                 0x08000533   Thumb Code    16  stm32f10x_exti.o(.text)
    EXTI_GetFlagStatus                       0x08000543   Thumb Code    22  stm32f10x_exti.o(.text)
    EXTI_ClearFlag                           0x08000559   Thumb Code     8  stm32f10x_exti.o(.text)
    EXTI_GetITStatus                         0x08000561   Thumb Code    34  stm32f10x_exti.o(.text)
    EXTI_ClearITPendingBit                   0x08000583   Thumb Code     8  stm32f10x_exti.o(.text)
    GPIO_DeInit                              0x08000595   Thumb Code   172  stm32f10x_gpio.o(.text)
    GPIO_AFIODeInit                          0x08000641   Thumb Code    20  stm32f10x_gpio.o(.text)
    GPIO_Init                                0x08000655   Thumb Code   278  stm32f10x_gpio.o(.text)
    GPIO_StructInit                          0x0800076b   Thumb Code    16  stm32f10x_gpio.o(.text)
    GPIO_ReadInputDataBit                    0x0800077b   Thumb Code    18  stm32f10x_gpio.o(.text)
    GPIO_ReadInputData                       0x0800078d   Thumb Code     8  stm32f10x_gpio.o(.text)
    GPIO_ReadOutputDataBit                   0x08000795   Thumb Code    18  stm32f10x_gpio.o(.text)
    GPIO_ReadOutputData                      0x080007a7   Thumb Code     8  stm32f10x_gpio.o(.text)
    GPIO_SetBits                             0x080007af   Thumb Code     4  stm32f10x_gpio.o(.text)
    GPIO_ResetBits                           0x080007b3   Thumb Code     4  stm32f10x_gpio.o(.text)
    GPIO_WriteBit                            0x080007b7   Thumb Code    10  stm32f10x_gpio.o(.text)
    GPIO_Write                               0x080007c1   Thumb Code     4  stm32f10x_gpio.o(.text)
    GPIO_PinLockConfig                       0x080007c5   Thumb Code    18  stm32f10x_gpio.o(.text)
    GPIO_EventOutputConfig                   0x080007d7   Thumb Code    26  stm32f10x_gpio.o(.text)
    GPIO_EventOutputCmd                      0x080007f1   Thumb Code     6  stm32f10x_gpio.o(.text)
    GPIO_PinRemapConfig                      0x080007f7   Thumb Code   138  stm32f10x_gpio.o(.text)
    GPIO_EXTILineConfig                      0x08000881   Thumb Code    66  stm32f10x_gpio.o(.text)
    GPIO_ETH_MediaInterfaceConfig            0x080008c3   Thumb Code     8  stm32f10x_gpio.o(.text)
    TIM_DeInit                               0x080008f1   Thumb Code   424  stm32f10x_tim.o(.text)
    TIM_TimeBaseInit                         0x08000a99   Thumb Code   122  stm32f10x_tim.o(.text)
    TIM_OC1Init                              0x08000b13   Thumb Code   132  stm32f10x_tim.o(.text)
    TIM_OC2Init                              0x08000b97   Thumb Code   154  stm32f10x_tim.o(.text)
    TIM_OC3Init                              0x08000c31   Thumb Code   150  stm32f10x_tim.o(.text)
    TIM_OC4Init                              0x08000cc7   Thumb Code   182  stm32f10x_tim.o(.text)
    TIM_SetIC4Prescaler                      0x08000d7d   Thumb Code    26  stm32f10x_tim.o(.text)
    TIM_SetIC3Prescaler                      0x08000e19   Thumb Code    18  stm32f10x_tim.o(.text)
    TIM_SetIC2Prescaler                      0x08000ea5   Thumb Code    26  stm32f10x_tim.o(.text)
    TIM_SetIC1Prescaler                      0x08000f41   Thumb Code    18  stm32f10x_tim.o(.text)
    TIM_ICInit                               0x08000fbf   Thumb Code   150  stm32f10x_tim.o(.text)
    TIM_PWMIConfig                           0x08001055   Thumb Code   124  stm32f10x_tim.o(.text)
    TIM_BDTRConfig                           0x080010d1   Thumb Code    32  stm32f10x_tim.o(.text)
    TIM_TimeBaseStructInit                   0x080010f1   Thumb Code    18  stm32f10x_tim.o(.text)
    TIM_OCStructInit                         0x08001103   Thumb Code    20  stm32f10x_tim.o(.text)
    TIM_ICStructInit                         0x08001117   Thumb Code    18  stm32f10x_tim.o(.text)
    TIM_BDTRStructInit                       0x08001129   Thumb Code    40  stm32f10x_tim.o(.text)
    TIM_Cmd                                  0x08001151   Thumb Code    24  stm32f10x_tim.o(.text)
    TIM_CtrlPWMOutputs                       0x08001169   Thumb Code    30  stm32f10x_tim.o(.text)
    TIM_ITConfig                             0x08001187   Thumb Code    18  stm32f10x_tim.o(.text)
    TIM_GenerateEvent                        0x08001199   Thumb Code     4  stm32f10x_tim.o(.text)
    TIM_DMAConfig                            0x0800119d   Thumb Code    10  stm32f10x_tim.o(.text)
    TIM_DMACmd                               0x080011a7   Thumb Code    18  stm32f10x_tim.o(.text)
    TIM_InternalClockConfig                  0x080011b9   Thumb Code    12  stm32f10x_tim.o(.text)
    TIM_SelectInputTrigger                   0x080011c5   Thumb Code    18  stm32f10x_tim.o(.text)
    TIM_ITRxExternalClockConfig              0x080011d7   Thumb Code    24  stm32f10x_tim.o(.text)
    TIM_TIxExternalClockConfig               0x080011ef   Thumb Code    62  stm32f10x_tim.o(.text)
    TIM_ETRConfig                            0x0800122d   Thumb Code    28  stm32f10x_tim.o(.text)
    TIM_ETRClockMode1Config                  0x08001249   Thumb Code    54  stm32f10x_tim.o(.text)
    TIM_ETRClockMode2Config                  0x0800127f   Thumb Code    32  stm32f10x_tim.o(.text)
    TIM_PrescalerConfig                      0x0800129f   Thumb Code     6  stm32f10x_tim.o(.text)
    TIM_CounterModeConfig                    0x080012a5   Thumb Code    18  stm32f10x_tim.o(.text)
    TIM_EncoderInterfaceConfig               0x080012b7   Thumb Code    66  stm32f10x_tim.o(.text)
    TIM_ForcedOC1Config                      0x080012f9   Thumb Code    18  stm32f10x_tim.o(.text)
    TIM_ForcedOC2Config                      0x0800130b   Thumb Code    26  stm32f10x_tim.o(.text)
    TIM_ForcedOC3Config                      0x08001325   Thumb Code    18  stm32f10x_tim.o(.text)
    TIM_ForcedOC4Config                      0x08001337   Thumb Code    26  stm32f10x_tim.o(.text)
    TIM_ARRPreloadConfig                     0x08001351   Thumb Code    24  stm32f10x_tim.o(.text)
    TIM_SelectCOM                            0x08001369   Thumb Code    24  stm32f10x_tim.o(.text)
    TIM_SelectCCDMA                          0x08001381   Thumb Code    24  stm32f10x_tim.o(.text)
    TIM_CCPreloadControl                     0x08001399   Thumb Code    24  stm32f10x_tim.o(.text)
    TIM_OC1PreloadConfig                     0x080013b1   Thumb Code    18  stm32f10x_tim.o(.text)
    TIM_OC2PreloadConfig                     0x080013c3   Thumb Code    26  stm32f10x_tim.o(.text)
    TIM_OC3PreloadConfig                     0x080013dd   Thumb Code    18  stm32f10x_tim.o(.text)
    TIM_OC4PreloadConfig                     0x080013ef   Thumb Code    26  stm32f10x_tim.o(.text)
    TIM_OC1FastConfig                        0x08001409   Thumb Code    18  stm32f10x_tim.o(.text)
    TIM_OC2FastConfig                        0x0800141b   Thumb Code    26  stm32f10x_tim.o(.text)
    TIM_OC3FastConfig                        0x08001435   Thumb Code    18  stm32f10x_tim.o(.text)
    TIM_OC4FastConfig                        0x08001447   Thumb Code    26  stm32f10x_tim.o(.text)
    TIM_ClearOC1Ref                          0x08001461   Thumb Code    18  stm32f10x_tim.o(.text)
    TIM_ClearOC2Ref                          0x08001473   Thumb Code    24  stm32f10x_tim.o(.text)
    TIM_ClearOC3Ref                          0x0800148b   Thumb Code    18  stm32f10x_tim.o(.text)
    TIM_ClearOC4Ref                          0x0800149d   Thumb Code    24  stm32f10x_tim.o(.text)
    TIM_OC1PolarityConfig                    0x080014b5   Thumb Code    18  stm32f10x_tim.o(.text)
    TIM_OC1NPolarityConfig                   0x080014c7   Thumb Code    18  stm32f10x_tim.o(.text)
    TIM_OC2PolarityConfig                    0x080014d9   Thumb Code    26  stm32f10x_tim.o(.text)
    TIM_OC2NPolarityConfig                   0x080014f3   Thumb Code    26  stm32f10x_tim.o(.text)
    TIM_OC3PolarityConfig                    0x0800150d   Thumb Code    26  stm32f10x_tim.o(.text)
    TIM_OC3NPolarityConfig                   0x08001527   Thumb Code    26  stm32f10x_tim.o(.text)
    TIM_OC4PolarityConfig                    0x08001541   Thumb Code    26  stm32f10x_tim.o(.text)
    TIM_CCxCmd                               0x0800155b   Thumb Code    30  stm32f10x_tim.o(.text)
    TIM_CCxNCmd                              0x08001579   Thumb Code    30  stm32f10x_tim.o(.text)
    TIM_SelectOCxM                           0x08001597   Thumb Code    82  stm32f10x_tim.o(.text)
    TIM_UpdateDisableConfig                  0x080015e9   Thumb Code    24  stm32f10x_tim.o(.text)
    TIM_UpdateRequestConfig                  0x08001601   Thumb Code    24  stm32f10x_tim.o(.text)
    TIM_SelectHallSensor                     0x08001619   Thumb Code    24  stm32f10x_tim.o(.text)
    TIM_SelectOnePulseMode                   0x08001631   Thumb Code    18  stm32f10x_tim.o(.text)
    TIM_SelectOutputTrigger                  0x08001643   Thumb Code    18  stm32f10x_tim.o(.text)
    TIM_SelectSlaveMode                      0x08001655   Thumb Code    18  stm32f10x_tim.o(.text)
    TIM_SelectMasterSlaveMode                0x08001667   Thumb Code    18  stm32f10x_tim.o(.text)
    TIM_SetCounter                           0x08001679   Thumb Code     4  stm32f10x_tim.o(.text)
    TIM_SetAutoreload                        0x0800167d   Thumb Code     4  stm32f10x_tim.o(.text)
    TIM_SetCompare1                          0x08001681   Thumb Code     4  stm32f10x_tim.o(.text)
    TIM_SetCompare2                          0x08001685   Thumb Code     4  stm32f10x_tim.o(.text)
    TIM_SetCompare3                          0x08001689   Thumb Code     4  stm32f10x_tim.o(.text)
    TIM_SetCompare4                          0x0800168d   Thumb Code     6  stm32f10x_tim.o(.text)
    TIM_SetClockDivision                     0x08001693   Thumb Code    18  stm32f10x_tim.o(.text)
    TIM_GetCapture1                          0x080016a5   Thumb Code     6  stm32f10x_tim.o(.text)
    TIM_GetCapture2                          0x080016ab   Thumb Code     6  stm32f10x_tim.o(.text)
    TIM_GetCapture3                          0x080016b1   Thumb Code     6  stm32f10x_tim.o(.text)
    TIM_GetCapture4                          0x080016b7   Thumb Code     8  stm32f10x_tim.o(.text)
    TIM_GetCounter                           0x080016bf   Thumb Code     6  stm32f10x_tim.o(.text)
    TIM_GetPrescaler                         0x080016c5   Thumb Code     6  stm32f10x_tim.o(.text)
    TIM_GetFlagStatus                        0x080016cb   Thumb Code    18  stm32f10x_tim.o(.text)
    TIM_ClearFlag                            0x080016dd   Thumb Code     6  stm32f10x_tim.o(.text)
    TIM_GetITStatus                          0x080016e3   Thumb Code    34  stm32f10x_tim.o(.text)
    TIM_ClearITPendingBit                    0x08001705   Thumb Code     6  stm32f10x_tim.o(.text)
    USART_DeInit                             0x0800170d   Thumb Code   134  stm32f10x_usart.o(.text)
    USART_Init                               0x08001793   Thumb Code   210  stm32f10x_usart.o(.text)
    USART_StructInit                         0x08001865   Thumb Code    24  stm32f10x_usart.o(.text)
    USART_ClockInit                          0x0800187d   Thumb Code    34  stm32f10x_usart.o(.text)
    USART_ClockStructInit                    0x0800189f   Thumb Code    12  stm32f10x_usart.o(.text)
    USART_Cmd                                0x080018ab   Thumb Code    24  stm32f10x_usart.o(.text)
    USART_ITConfig                           0x080018c3   Thumb Code    74  stm32f10x_usart.o(.text)
    USART_DMACmd                             0x0800190d   Thumb Code    18  stm32f10x_usart.o(.text)
    USART_SetAddress                         0x0800191f   Thumb Code    18  stm32f10x_usart.o(.text)
    USART_WakeUpConfig                       0x08001931   Thumb Code    18  stm32f10x_usart.o(.text)
    USART_ReceiverWakeUpCmd                  0x08001943   Thumb Code    24  stm32f10x_usart.o(.text)
    USART_LINBreakDetectLengthConfig         0x0800195b   Thumb Code    18  stm32f10x_usart.o(.text)
    USART_LINCmd                             0x0800196d   Thumb Code    24  stm32f10x_usart.o(.text)
    USART_SendData                           0x08001985   Thumb Code     8  stm32f10x_usart.o(.text)
    USART_ReceiveData                        0x0800198d   Thumb Code    10  stm32f10x_usart.o(.text)
    USART_SendBreak                          0x08001997   Thumb Code    10  stm32f10x_usart.o(.text)
    USART_SetGuardTime                       0x080019a1   Thumb Code    16  stm32f10x_usart.o(.text)
    USART_SetPrescaler                       0x080019b1   Thumb Code    16  stm32f10x_usart.o(.text)
    USART_SmartCardCmd                       0x080019c1   Thumb Code    24  stm32f10x_usart.o(.text)
    USART_SmartCardNACKCmd                   0x080019d9   Thumb Code    24  stm32f10x_usart.o(.text)
    USART_HalfDuplexCmd                      0x080019f1   Thumb Code    24  stm32f10x_usart.o(.text)
    USART_OverSampling8Cmd                   0x08001a09   Thumb Code    22  stm32f10x_usart.o(.text)
    USART_OneBitMethodCmd                    0x08001a1f   Thumb Code    24  stm32f10x_usart.o(.text)
    USART_IrDAConfig                         0x08001a37   Thumb Code    18  stm32f10x_usart.o(.text)
    USART_IrDACmd                            0x08001a49   Thumb Code    24  stm32f10x_usart.o(.text)
    USART_GetFlagStatus                      0x08001a61   Thumb Code    26  stm32f10x_usart.o(.text)
    USART_ClearFlag                          0x08001a7b   Thumb Code    18  stm32f10x_usart.o(.text)
    USART_GetITStatus                        0x08001a8d   Thumb Code    84  stm32f10x_usart.o(.text)
    USART_ClearITPendingBit                  0x08001ae1   Thumb Code    52  stm32f10x_usart.o(.text)
    Motor_task                               0x08001b15   Thumb Code    12  main.o(.text)
    Key_task                                 0x08001bc9   Thumb Code    54  main.o(.text)
    SysInit_task                             0x08001c6b   Thumb Code   134  main.o(.text)
    main                                     0x08001dbf   Thumb Code    30  main.o(.text)
    NMI_Handler                              0x08001ed9   Thumb Code     2  stm32f10x_it.o(.text)
    HardFault_Handler                        0x08001edb   Thumb Code     4  stm32f10x_it.o(.text)
    MemManage_Handler                        0x08001edf   Thumb Code     4  stm32f10x_it.o(.text)
    BusFault_Handler                         0x08001ee3   Thumb Code     4  stm32f10x_it.o(.text)
    UsageFault_Handler                       0x08001ee7   Thumb Code     4  stm32f10x_it.o(.text)
    DebugMon_Handler                         0x08001eeb   Thumb Code     2  stm32f10x_it.o(.text)
    SysTick_Handler                          0x08001eed   Thumb Code    16  stm32f10x_it.o(.text)
    fputc                                    0x08001efd   Thumb Code    32  usart.o(.text)
    USART1_Init                              0x08001f1d   Thumb Code   166  usart.o(.text)
    USART1_IRQHandler                        0x08001fc3   Thumb Code   122  usart.o(.text)
    LED_Init                                 0x0800204d   Thumb Code    46  led.o(.text)
    LED1_ON                                  0x0800207b   Thumb Code    12  led.o(.text)
    LED1_OFF                                 0x08002087   Thumb Code    12  led.o(.text)
    LED2_ON                                  0x08002093   Thumb Code    12  led.o(.text)
    LED2_OFF                                 0x0800209f   Thumb Code    12  led.o(.text)
    LED1_Turn                                0x080020ab   Thumb Code    32  led.o(.text)
    LED2_Turn                                0x080020cb   Thumb Code    32  led.o(.text)
    vEncoder_Init                            0x080020f1   Thumb Code   164  encoder.o(.text)
    xEncoder_Get                             0x08002195   Thumb Code    14  encoder.o(.text)
    xEncoder_Count                           0x080021a3   Thumb Code    16  encoder.o(.text)
    OLED_I2C_Init                            0x080021bd   Thumb Code    76  oled.o(.text)
    OLED_I2C_Start                           0x08002209   Thumb Code    48  oled.o(.text)
    OLED_I2C_Stop                            0x08002239   Thumb Code    36  oled.o(.text)
    OLED_I2C_SendByte                        0x0800225d   Thumb Code    80  oled.o(.text)
    OLED_WriteCommand                        0x080022ad   Thumb Code    32  oled.o(.text)
    OLED_WriteData                           0x080022cd   Thumb Code    32  oled.o(.text)
    OLED_SetCursor                           0x080022ed   Thumb Code    34  oled.o(.text)
    OLED_Clear                               0x0800230f   Thumb Code    42  oled.o(.text)
    OLED_ShowChinese                         0x08002339   Thumb Code   102  oled.o(.text)
    OLED_ShowChar                            0x0800239f   Thumb Code   110  oled.o(.text)
    OLED_ShowString                          0x0800240d   Thumb Code    40  oled.o(.text)
    OLED_Pow                                 0x08002435   Thumb Code    20  oled.o(.text)
    OLED_ShowNum                             0x08002449   Thumb Code    68  oled.o(.text)
    OLED_ShowSignedNum                       0x0800248d   Thumb Code   102  oled.o(.text)
    OLED_ShowHexNum                          0x080024f3   Thumb Code    84  oled.o(.text)
    OLED_ShowBinNum                          0x08002547   Thumb Code    62  oled.o(.text)
    OLED_ShowFloatNum                        0x08002585   Thumb Code   132  oled.o(.text)
    OLED_Init                                0x08002609   Thumb Code   174  oled.o(.text)
    vHALL_Init                               0x080026b9   Thumb Code   120  hall.o(.text)
    uxHALL_GetCount                          0x08002731   Thumb Code    12  hall.o(.text)
    EXTI3_IRQHandler                         0x0800273d   Thumb Code    30  hall.o(.text)
    uMotor_Start                             0x08002765   Thumb Code    22  motor.o(.text)
    uMotor_Stop                              0x0800277b   Thumb Code    22  motor.o(.text)
    vMotor_SetSpeed                          0x08002791   Thumb Code    12  motor.o(.text)
    vMotor_Init                              0x0800279d   Thumb Code    42  motor.o(.text)
    vKey_Init                                0x080027cd   Thumb Code    40  key.o(.text)
    uKey_Scan                                0x080027f5   Thumb Code    34  key.o(.text)
    SysTick_Init                             0x0800281d   Thumb Code    76  systick.o(.text)
    delay_us                                 0x08002869   Thumb Code    68  systick.o(.text)
    delay_ms                                 0x080028ad   Thumb Code    52  systick.o(.text)
    delay_xms                                0x080028e1   Thumb Code    24  systick.o(.text)
    PWM_Init                                 0x08002909   Thumb Code   154  pwm.o(.text)
    TIM_SetCCR                               0x080029a3   Thumb Code    16  pwm.o(.text)
    PID_Set                                  0x080029b9   Thumb Code    16  pid.o(.text)
    PID_OUT                                  0x080029c9   Thumb Code   134  pid.o(.text)
    vListInitialise                          0x08002a55   Thumb Code    26  list.o(.text)
    vListInitialiseItem                      0x08002a6f   Thumb Code     6  list.o(.text)
    vListInsertEnd                           0x08002a75   Thumb Code    24  list.o(.text)
    vListInsert                              0x08002a8d   Thumb Code    52  list.o(.text)
    uxListRemove                             0x08002ac1   Thumb Code    40  list.o(.text)
    xQueueGenericReset                       0x08002ae9   Thumb Code   122  queue.o(.text)
    xQueueGenericCreate                      0x08002b89   Thumb Code    56  queue.o(.text)
    xQueueGenericSend                        0x08002cd9   Thumb Code   276  queue.o(.text)
    xQueueCreateMutex                        0x08002e09   Thumb Code    34  queue.o(.text)
    xQueueCreateCountingSemaphore            0x08002e2b   Thumb Code    26  queue.o(.text)
    xQueueGenericSendFromISR                 0x08002e45   Thumb Code   134  queue.o(.text)
    xQueueGiveFromISR                        0x08002ecb   Thumb Code   124  queue.o(.text)
    xQueueGenericReceive                     0x08002f8b   Thumb Code   342  queue.o(.text)
    xQueueReceiveFromISR                     0x080030e1   Thumb Code   130  queue.o(.text)
    xQueuePeekFromISR                        0x08003163   Thumb Code    74  queue.o(.text)
    uxQueueMessagesWaiting                   0x080031ad   Thumb Code    18  queue.o(.text)
    uxQueueSpacesAvailable                   0x080031bf   Thumb Code    24  queue.o(.text)
    uxQueueMessagesWaitingFromISR            0x080031d7   Thumb Code     6  queue.o(.text)
    vQueueDelete                             0x080031dd   Thumb Code    14  queue.o(.text)
    xQueueIsQueueEmptyFromISR                0x080031eb   Thumb Code    14  queue.o(.text)
    xQueueIsQueueFullFromISR                 0x080031f9   Thumb Code    18  queue.o(.text)
    vQueueWaitForMessageRestricted           0x0800320b   Thumb Code    74  queue.o(.text)
    xTaskCreate                              0x080033bb   Thumb Code    96  tasks.o(.text)
    vTaskDelete                              0x08003457   Thumb Code   166  tasks.o(.text)
    xTaskIncrementTick                       0x080034fd   Thumb Code   238  tasks.o(.text)
    xTaskResumeAll                           0x080035eb   Thumb Code   282  tasks.o(.text)
    vTaskSuspendAll                          0x08003781   Thumb Code    12  tasks.o(.text)
    vTaskDelayUntil                          0x0800378d   Thumb Code   106  tasks.o(.text)
    vTaskDelay                               0x080037f7   Thumb Code    46  tasks.o(.text)
    uxTaskPriorityGet                        0x08003825   Thumb Code    30  tasks.o(.text)
    uxTaskPriorityGetFromISR                 0x08003843   Thumb Code    52  tasks.o(.text)
    vTaskPrioritySet                         0x08003877   Thumb Code   226  tasks.o(.text)
    vTaskSwitchContext                       0x08003959   Thumb Code    76  tasks.o(.text)
    vTaskSuspend                             0x080039a5   Thumb Code   160  tasks.o(.text)
    vTaskResume                              0x08003a7d   Thumb Code   170  tasks.o(.text)
    xTaskResumeFromISR                       0x08003b27   Thumb Code   130  tasks.o(.text)
    vTaskStartScheduler                      0x08003c1f   Thumb Code    82  tasks.o(.text)
    vTaskEndScheduler                        0x08003c71   Thumb Code    32  tasks.o(.text)
    xTaskGetTickCount                        0x08003c91   Thumb Code     6  tasks.o(.text)
    xTaskGetTickCountFromISR                 0x08003c97   Thumb Code     8  tasks.o(.text)
    uxTaskGetNumberOfTasks                   0x08003c9f   Thumb Code     6  tasks.o(.text)
    pcTaskGetName                            0x08003ca5   Thumb Code    20  tasks.o(.text)
    vTaskPlaceOnEventList                    0x08003cb9   Thumb Code    28  tasks.o(.text)
    vTaskPlaceOnUnorderedEventList           0x08003cd5   Thumb Code    40  tasks.o(.text)
    vTaskPlaceOnEventListRestricted          0x08003cfd   Thumb Code    36  tasks.o(.text)
    xTaskRemoveFromEventList                 0x08003d21   Thumb Code   104  tasks.o(.text)
    xTaskRemoveFromUnorderedEventList        0x08003d89   Thumb Code    94  tasks.o(.text)
    vTaskSetTimeOutState                     0x08003de7   Thumb Code    14  tasks.o(.text)
    xTaskCheckForTimeOut                     0x08003df5   Thumb Code    84  tasks.o(.text)
    vTaskMissedYield                         0x08003e49   Thumb Code     8  tasks.o(.text)
    xTaskGetCurrentTaskHandle                0x08003e51   Thumb Code     6  tasks.o(.text)
    xTaskGetSchedulerState                   0x08003e57   Thumb Code    24  tasks.o(.text)
    vTaskPriorityInherit                     0x08003e6f   Thumb Code   240  tasks.o(.text)
    xTaskPriorityDisinherit                  0x08003f5f   Thumb Code   122  tasks.o(.text)
    uxTaskResetEventItemValue                0x08003fd9   Thumb Code    24  tasks.o(.text)
    pvTaskIncrementMutexHeldCount            0x08003ff1   Thumb Code    26  tasks.o(.text)
    ulTaskNotifyTake                         0x0800400b   Thumb Code   108  tasks.o(.text)
    xTaskNotifyWait                          0x08004077   Thumb Code   150  tasks.o(.text)
    xTaskGenericNotify                       0x0800410d   Thumb Code   178  tasks.o(.text)
    xTaskGenericNotifyFromISR                0x080041bf   Thumb Code   228  tasks.o(.text)
    vTaskNotifyGiveFromISR                   0x080042a3   Thumb Code   184  tasks.o(.text)
    xTaskNotifyStateClear                    0x0800435b   Thumb Code    48  tasks.o(.text)
    xTimerGenericCommand                     0x080043e5   Thumb Code   102  timers.o(.text)
    xTimerCreateTimerTask                    0x080046c7   Thumb Code    40  timers.o(.text)
    xTimerCreate                             0x0800471d   Thumb Code    48  timers.o(.text)
    xTimerGetTimerDaemonTaskHandle           0x0800474d   Thumb Code     6  timers.o(.text)
    xTimerGetPeriod                          0x08004753   Thumb Code     8  timers.o(.text)
    xTimerGetExpiryTime                      0x0800475b   Thumb Code     8  timers.o(.text)
    pcTimerGetName                           0x08004763   Thumb Code     8  timers.o(.text)
    xTimerIsTimerActive                      0x0800476b   Thumb Code    32  timers.o(.text)
    pvTimerGetTimerID                        0x0800478b   Thumb Code    66  timers.o(.text)
    vTimerSetTimerID                         0x080047cd   Thumb Code    20  timers.o(.text)
    pvPortMalloc                             0x080048a3   Thumb Code   188  heap_4.o(.text)
    vPortFree                                0x0800495f   Thumb Code    64  heap_4.o(.text)
    xPortGetFreeHeapSize                     0x0800499f   Thumb Code     6  heap_4.o(.text)
    xPortGetMinimumEverFreeHeapSize          0x080049a5   Thumb Code     6  heap_4.o(.text)
    vPortInitialiseBlocks                    0x080049ab   Thumb Code     2  heap_4.o(.text)
    pxPortInitialiseStack                    0x080049db   Thumb Code    30  port.o(.text)
    vPortSetupTimerInterrupt                 0x080049f9   Thumb Code    14  port.o(.text)
    xPortStartScheduler                      0x08004a07   Thumb Code    42  port.o(.text)
    vPortEndScheduler                        0x08004a31   Thumb Code     2  port.o(.text)
    vPortEnterCritical                       0x08004a33   Thumb Code    30  port.o(.text)
    vPortExitCritical                        0x08004a51   Thumb Code    28  port.o(.text)
    xPortSysTickHandler                      0x08004a6d   Thumb Code    48  port.o(.text)
    __aeabi_memcpy                           0x08004aad   Thumb Code    36  memcpya.o(.text)
    __aeabi_memcpy4                          0x08004aad   Thumb Code     0  memcpya.o(.text)
    __aeabi_memcpy8                          0x08004aad   Thumb Code     0  memcpya.o(.text)
    __aeabi_fadd                             0x08004ad1   Thumb Code   164  fadd.o(.text)
    __aeabi_fsub                             0x08004b75   Thumb Code     6  fadd.o(.text)
    __aeabi_frsub                            0x08004b7b   Thumb Code     6  fadd.o(.text)
    __aeabi_fmul                             0x08004b81   Thumb Code   100  fmul.o(.text)
    __aeabi_dadd                             0x08004be5   Thumb Code   322  dadd.o(.text)
    __aeabi_dsub                             0x08004d27   Thumb Code     6  dadd.o(.text)
    __aeabi_drsub                            0x08004d2d   Thumb Code     6  dadd.o(.text)
    __aeabi_dmul                             0x08004d33   Thumb Code   228  dmul.o(.text)
    __aeabi_ddiv                             0x08004e17   Thumb Code   222  ddiv.o(.text)
    __aeabi_i2f                              0x08004ef5   Thumb Code    18  fflti.o(.text)
    __aeabi_ui2f                             0x08004f07   Thumb Code    10  ffltui.o(.text)
    __aeabi_i2d                              0x08004f11   Thumb Code    34  dflti.o(.text)
    __aeabi_ui2d                             0x08004f33   Thumb Code    26  dfltui.o(.text)
    __aeabi_f2iz                             0x08004f4d   Thumb Code    50  ffixi.o(.text)
    __aeabi_f2uiz                            0x08004f7f   Thumb Code    40  ffixui.o(.text)
    __aeabi_d2uiz                            0x08004fa7   Thumb Code    50  dfixui.o(.text)
    __aeabi_d2f                              0x08004fd9   Thumb Code    56  d2f.o(.text)
    __aeabi_cfcmpeq                          0x08005011   Thumb Code     0  cfcmple.o(.text)
    __aeabi_cfcmple                          0x08005011   Thumb Code    20  cfcmple.o(.text)
    __aeabi_cfrcmple                         0x08005025   Thumb Code    20  cfrcmple.o(.text)
    __aeabi_llsl                             0x08005039   Thumb Code    30  llshl.o(.text)
    _ll_shift_l                              0x08005039   Thumb Code     0  llshl.o(.text)
    __aeabi_llsr                             0x08005057   Thumb Code    32  llushr.o(.text)
    _ll_ushift_r                             0x08005057   Thumb Code     0  llushr.o(.text)
    __aeabi_lasr                             0x08005077   Thumb Code    36  llsshr.o(.text)
    _ll_sshift_r                             0x08005077   Thumb Code     0  llsshr.o(.text)
    __I$use$fp                               0x0800509b   Thumb Code     0  iusefp.o(.text)
    _float_round                             0x0800509b   Thumb Code    18  fepilogue.o(.text)
    _float_epilogue                          0x080050ad   Thumb Code    92  fepilogue.o(.text)
    _double_round                            0x08005109   Thumb Code    30  depilogue.o(.text)
    _double_epilogue                         0x08005127   Thumb Code   156  depilogue.o(.text)
    __scatterload                            0x080051c5   Thumb Code    28  init.o(.text)
    __scatterload_rt2                        0x080051c5   Thumb Code     0  init.o(.text)
    RCC_APB1PeriphClockCmd                   0x080051e9   Thumb Code    26  stm32f10x_rcc.o(i.RCC_APB1PeriphClockCmd)
    RCC_APB1PeriphResetCmd                   0x08005209   Thumb Code    26  stm32f10x_rcc.o(i.RCC_APB1PeriphResetCmd)
    RCC_APB2PeriphClockCmd                   0x08005229   Thumb Code    26  stm32f10x_rcc.o(i.RCC_APB2PeriphClockCmd)
    RCC_APB2PeriphResetCmd                   0x08005249   Thumb Code    26  stm32f10x_rcc.o(i.RCC_APB2PeriphResetCmd)
    RCC_GetClocksFreq                        0x08005269   Thumb Code   192  stm32f10x_rcc.o(i.RCC_GetClocksFreq)
    __scatterload_copy                       0x0800533d   Thumb Code    14  handlers.o(i.__scatterload_copy)
    __scatterload_null                       0x0800534b   Thumb Code     2  handlers.o(i.__scatterload_null)
    __scatterload_zeroinit                   0x0800534d   Thumb Code    14  handlers.o(i.__scatterload_zeroinit)
    OLED_F8x16                               0x0800535a   Data        1520  oled.o(.constdata)
    OLED_F16x16                              0x0800594a   Data         128  oled.o(.constdata)
    Region$$Table$$Base                      0x080059cc   Number         0  anon$$obj.o(Region$$Table)
    Region$$Table$$Limit                     0x080059ec   Number         0  anon$$obj.o(Region$$Table)
    SystemCoreClock                          0x20000000   Data           4  system_stm32f10x.o(.data)
    AHBPrescTable                            0x20000004   Data          16  system_stm32f10x.o(.data)
    StartTask_Handler                        0x20000028   Data           4  main.o(.data)
    KeyTask_Handler                          0x2000002c   Data           4  main.o(.data)
    SysInitTask_Handler                      0x20000030   Data           4  main.o(.data)
    OLEDTask_Handler                         0x20000034   Data           4  main.o(.data)
    EncoderTask_Handler                      0x20000038   Data           4  main.o(.data)
    MotorTask_Handler                        0x2000003c   Data           4  main.o(.data)
    Timer1_Sample                            0x20000040   Data           4  main.o(.data)
    Timer2_Sample                            0x20000044   Data           4  main.o(.data)
    Queue_Encoder                            0x20000048   Data           4  main.o(.data)
    PID_PWM_Duty                             0x20000068   Data           2  main.o(.data)
    USART1_RX_STA                            0x2000006a   Data           2  usart.o(.data)
    uxHALL_Count                             0x2000006c   Data           4  hall.o(.data)
    pxCurrentTCB                             0x20000074   Data           4  tasks.o(.data)
    pid                                      0x200000e0   Data          36  main.o(.bss)
    USART1_RX_BUF                            0x20000104   Data         200  usart.o(.bss)
    __initial_sp                             0x20002ec0   Data           0  startup_stm32f10x_md.o(STACK)



==============================================================================

Memory Map of the image

  Image Entry point : 0x080000ed

  Load Region LR_IROM1 (Base: 0x08000000, Size: 0x00005acc, Max: 0x00080000, ABSOLUTE)

    Execution Region ER_IROM1 (Exec base: 0x08000000, Load base: 0x08000000, Size: 0x000059ec, Max: 0x00080000, ABSOLUTE)

    Exec Addr    Load Addr    Size         Type   Attr      Idx    E Section Name        Object

    0x08000000   0x08000000   0x000000ec   Data   RO           19    RESET               startup_stm32f10x_md.o
    0x080000ec   0x080000ec   0x00000000   Code   RO         1284  * .ARM.Collect$$$$00000000  mc_w.l(entry.o)
    0x080000ec   0x080000ec   0x00000004   Code   RO         1321    .ARM.Collect$$$$00000001  mc_w.l(entry2.o)
    0x080000f0   0x080000f0   0x00000004   Code   RO         1324    .ARM.Collect$$$$00000004  mc_w.l(entry5.o)
    0x080000f4   0x080000f4   0x00000000   Code   RO         1326    .ARM.Collect$$$$00000008  mc_w.l(entry7b.o)
    0x080000f4   0x080000f4   0x00000000   Code   RO         1328    .ARM.Collect$$$$0000000A  mc_w.l(entry8b.o)
    0x080000f4   0x080000f4   0x00000008   Code   RO         1329    .ARM.Collect$$$$0000000B  mc_w.l(entry9a.o)
    0x080000fc   0x080000fc   0x00000000   Code   RO         1331    .ARM.Collect$$$$0000000D  mc_w.l(entry10a.o)
    0x080000fc   0x080000fc   0x00000000   Code   RO         1333    .ARM.Collect$$$$0000000F  mc_w.l(entry11a.o)
    0x080000fc   0x080000fc   0x00000004   Code   RO         1322    .ARM.Collect$$$$00002712  mc_w.l(entry2.o)
    0x08000100   0x08000100   0x00000096   Code   RO         1254    .emb_text           port.o
    0x08000196   0x08000196   0x00000002   PAD
    0x08000198   0x08000198   0x00000024   Code   RO           20    .text               startup_stm32f10x_md.o
    0x080001bc   0x080001bc   0x000001e0   Code   RO           24    .text               system_stm32f10x.o
    0x0800039c   0x0800039c   0x000000dc   Code   RO          121    .text               misc.o
    0x08000478   0x08000478   0x0000011c   Code   RO          279    .text               stm32f10x_exti.o
    0x08000594   0x08000594   0x0000035c   Code   RO          324    .text               stm32f10x_gpio.o
    0x080008f0   0x080008f0   0x00000e1a   Code   RO          632    .text               stm32f10x_tim.o
    0x0800170a   0x0800170a   0x00000002   PAD
    0x0800170c   0x0800170c   0x00000408   Code   RO          647    .text               stm32f10x_usart.o
    0x08001b14   0x08001b14   0x000003c4   Code   RO          677    .text               main.o
    0x08001ed8   0x08001ed8   0x00000024   Code   RO          854    .text               stm32f10x_it.o
    0x08001efc   0x08001efc   0x00000150   Code   RO          875    .text               usart.o
    0x0800204c   0x0800204c   0x000000a4   Code   RO          980    .text               led.o
    0x080020f0   0x080020f0   0x000000cc   Code   RO          992    .text               encoder.o
    0x080021bc   0x080021bc   0x000004fa   Code   RO         1004    .text               oled.o
    0x080026b6   0x080026b6   0x00000002   PAD
    0x080026b8   0x080026b8   0x000000ac   Code   RO         1022    .text               hall.o
    0x08002764   0x08002764   0x00000068   Code   RO         1038    .text               motor.o
    0x080027cc   0x080027cc   0x00000050   Code   RO         1050    .text               key.o
    0x0800281c   0x0800281c   0x000000ec   Code   RO         1071    .text               systick.o
    0x08002908   0x08002908   0x000000b0   Code   RO         1091    .text               pwm.o
    0x080029b8   0x080029b8   0x0000009c   Code   RO         1106    .text               pid.o
    0x08002a54   0x08002a54   0x00000094   Code   RO         1166    .text               list.o
    0x08002ae8   0x08002ae8   0x00000770   Code   RO         1178    .text               queue.o
    0x08003258   0x08003258   0x0000113c   Code   RO         1193    .text               tasks.o
    0x08004394   0x08004394   0x0000044c   Code   RO         1224    .text               timers.o
    0x080047e0   0x080047e0   0x000001e4   Code   RO         1239    .text               heap_4.o
    0x080049c4   0x080049c4   0x000000e8   Code   RO         1255    .text               port.o
    0x08004aac   0x08004aac   0x00000024   Code   RO         1287    .text               mc_w.l(memcpya.o)
    0x08004ad0   0x08004ad0   0x000000b0   Code   RO         1291    .text               mf_w.l(fadd.o)
    0x08004b80   0x08004b80   0x00000064   Code   RO         1293    .text               mf_w.l(fmul.o)
    0x08004be4   0x08004be4   0x0000014e   Code   RO         1295    .text               mf_w.l(dadd.o)
    0x08004d32   0x08004d32   0x000000e4   Code   RO         1297    .text               mf_w.l(dmul.o)
    0x08004e16   0x08004e16   0x000000de   Code   RO         1299    .text               mf_w.l(ddiv.o)
    0x08004ef4   0x08004ef4   0x00000012   Code   RO         1301    .text               mf_w.l(fflti.o)
    0x08004f06   0x08004f06   0x0000000a   Code   RO         1303    .text               mf_w.l(ffltui.o)
    0x08004f10   0x08004f10   0x00000022   Code   RO         1305    .text               mf_w.l(dflti.o)
    0x08004f32   0x08004f32   0x0000001a   Code   RO         1307    .text               mf_w.l(dfltui.o)
    0x08004f4c   0x08004f4c   0x00000032   Code   RO         1309    .text               mf_w.l(ffixi.o)
    0x08004f7e   0x08004f7e   0x00000028   Code   RO         1311    .text               mf_w.l(ffixui.o)
    0x08004fa6   0x08004fa6   0x00000032   Code   RO         1313    .text               mf_w.l(dfixui.o)
    0x08004fd8   0x08004fd8   0x00000038   Code   RO         1315    .text               mf_w.l(d2f.o)
    0x08005010   0x08005010   0x00000014   Code   RO         1317    .text               mf_w.l(cfcmple.o)
    0x08005024   0x08005024   0x00000014   Code   RO         1319    .text               mf_w.l(cfrcmple.o)
    0x08005038   0x08005038   0x0000001e   Code   RO         1335    .text               mc_w.l(llshl.o)
    0x08005056   0x08005056   0x00000020   Code   RO         1337    .text               mc_w.l(llushr.o)
    0x08005076   0x08005076   0x00000024   Code   RO         1339    .text               mc_w.l(llsshr.o)
    0x0800509a   0x0800509a   0x00000000   Code   RO         1341    .text               mc_w.l(iusefp.o)
    0x0800509a   0x0800509a   0x0000006e   Code   RO         1342    .text               mf_w.l(fepilogue.o)
    0x08005108   0x08005108   0x000000ba   Code   RO         1344    .text               mf_w.l(depilogue.o)
    0x080051c2   0x080051c2   0x00000002   PAD
    0x080051c4   0x080051c4   0x00000024   Code   RO         1346    .text               mc_w.l(init.o)
    0x080051e8   0x080051e8   0x00000020   Code   RO          386    i.RCC_APB1PeriphClockCmd  stm32f10x_rcc.o
    0x08005208   0x08005208   0x00000020   Code   RO          387    i.RCC_APB1PeriphResetCmd  stm32f10x_rcc.o
    0x08005228   0x08005228   0x00000020   Code   RO          388    i.RCC_APB2PeriphClockCmd  stm32f10x_rcc.o
    0x08005248   0x08005248   0x00000020   Code   RO          389    i.RCC_APB2PeriphResetCmd  stm32f10x_rcc.o
    0x08005268   0x08005268   0x000000d4   Code   RO          396    i.RCC_GetClocksFreq  stm32f10x_rcc.o
    0x0800533c   0x0800533c   0x0000000e   Code   RO         1350    i.__scatterload_copy  mc_w.l(handlers.o)
    0x0800534a   0x0800534a   0x00000002   Code   RO         1351    i.__scatterload_null  mc_w.l(handlers.o)
    0x0800534c   0x0800534c   0x0000000e   Code   RO         1352    i.__scatterload_zeroinit  mc_w.l(handlers.o)
    0x0800535a   0x0800535a   0x00000670   Data   RO         1005    .constdata          oled.o
    0x080059ca   0x080059ca   0x00000002   PAD
    0x080059cc   0x080059cc   0x00000020   Data   RO         1348    Region$$Table       anon$$obj.o


    Execution Region RW_IRAM1 (Exec base: 0x20000000, Load base: 0x080059ec, Size: 0x00002ec0, Max: 0x00010000, ABSOLUTE)

    Exec Addr    Load Addr    Size         Type   Attr      Idx    E Section Name        Object

    0x20000000   0x080059ec   0x00000014   Data   RW           25    .data               system_stm32f10x.o
    0x20000014   0x08005a00   0x00000014   Data   RW          416    .data               stm32f10x_rcc.o
    0x20000028   0x08005a14   0x00000042   Data   RW          679    .data               main.o
    0x2000006a   0x08005a56   0x00000002   Data   RW          877    .data               usart.o
    0x2000006c   0x08005a58   0x00000004   Data   RW         1023    .data               hall.o
    0x20000070   0x08005a5c   0x00000004   Data   RW         1072    .data               systick.o
    0x20000074   0x08005a60   0x0000003c   Data   RW         1195    .data               tasks.o
    0x200000b0   0x08005a9c   0x00000014   Data   RW         1226    .data               timers.o
    0x200000c4   0x08005ab0   0x00000018   Data   RW         1241    .data               heap_4.o
    0x200000dc   0x08005ac8   0x00000004   Data   RW         1256    .data               port.o
    0x200000e0        -       0x00000024   Zero   RW          678    .bss                main.o
    0x20000104        -       0x000000c8   Zero   RW          876    .bss                usart.o
    0x200001cc        -       0x000000c8   Zero   RW         1194    .bss                tasks.o
    0x20000294        -       0x00000028   Zero   RW         1225    .bss                timers.o
    0x200002bc        -       0x00002800   Zero   RW         1240    .bss                heap_4.o
    0x20002abc   0x08005acc   0x00000004   PAD
    0x20002ac0        -       0x00000400   Zero   RW           17    STACK               startup_stm32f10x_md.o


==============================================================================

Image component sizes


      Code (inc. data)   RO Data    RW Data    ZI Data      Debug   Object Name

         0          0          0          0          0       4540   core_cm3.o
       204         10          0          0          0        968   encoder.o
         0          0          0          0          0       9404   event_groups.o
       172         10          0          4          0       1519   hall.o
       484         24          0         24      10240       3224   heap_4.o
        80          6          0          0          0        638   key.o
       164          6          0          0          0       1121   led.o
       148          0          0          0          0       1822   list.o
       964        252          0         66         36     253610   main.o
       220         22          0          0          0     205049   misc.o
       104          6          0          0          0        939   motor.o
      1274         12       1648          0          0       6259   oled.o
       156          6          0          0          0       1654   pid.o
       382         28          0          4          0       7060   port.o
       176          6          0          0          0        774   pwm.o
      1904          8          0          0          0      11705   queue.o
        36          8        236          0       1024        788   startup_stm32f10x_md.o
       284         10          0          0          0       4307   stm32f10x_exti.o
       860         38          0          0          0      13965   stm32f10x_gpio.o
        36          0          0          0          0       1107   stm32f10x_it.o
       340         44          0         20          0      13992   stm32f10x_rcc.o
      3610         88          0          0          0      43068   stm32f10x_tim.o
      1032         22          0          0          0      14376   stm32f10x_usart.o
       480         38          0         20          0      18831   system_stm32f10x.o
       236         16          0          4          0       1395   systick.o
      4412        268          0         60        200      28371   tasks.o
      1100         56          0         20         40       7679   timers.o
       336         16          0          2        200     219416   usart.o

    ----------------------------------------------------------------------
     19200       1000       1918        224      11744     877581   Object Totals
         0          0         32          0          0          0   (incl. Generated)
         6          0          2          0          4          0   (incl. Padding)

    ----------------------------------------------------------------------

      Code (inc. data)   RO Data    RW Data    ZI Data      Debug   Library Member Name

         0          0          0          0          0          0   entry.o
         0          0          0          0          0          0   entry10a.o
         0          0          0          0          0          0   entry11a.o
         8          4          0          0          0          0   entry2.o
         4          0          0          0          0          0   entry5.o
         0          0          0          0          0          0   entry7b.o
         0          0          0          0          0          0   entry8b.o
         8          4          0          0          0          0   entry9a.o
        30          0          0          0          0          0   handlers.o
        36          8          0          0          0         68   init.o
         0          0          0          0          0          0   iusefp.o
        30          0          0          0          0         68   llshl.o
        36          0          0          0          0         68   llsshr.o
        32          0          0          0          0         68   llushr.o
        36          0          0          0          0         68   memcpya.o
        20          0          0          0          0         68   cfcmple.o
        20          0          0          0          0         68   cfrcmple.o
        56          0          0          0          0         88   d2f.o
       334          0          0          0          0        148   dadd.o
       222          0          0          0          0        100   ddiv.o
       186          0          0          0          0        176   depilogue.o
        50          0          0          0          0         76   dfixui.o
        34          0          0          0          0         76   dflti.o
        26          0          0          0          0         76   dfltui.o
       228          0          0          0          0         96   dmul.o
       176          0          0          0          0        140   fadd.o
       110          0          0          0          0        168   fepilogue.o
        50          0          0          0          0         68   ffixi.o
        40          0          0          0          0         68   ffixui.o
        18          0          0          0          0         68   fflti.o
        10          0          0          0          0         68   ffltui.o
       100          0          0          0          0         76   fmul.o

    ----------------------------------------------------------------------
      1902         16          0          0          0       1968   Library Totals
         2          0          0          0          0          0   (incl. Padding)

    ----------------------------------------------------------------------

      Code (inc. data)   RO Data    RW Data    ZI Data      Debug   Library Name

       220         16          0          0          0        340   mc_w.l
      1680          0          0          0          0       1628   mf_w.l

    ----------------------------------------------------------------------
      1902         16          0          0          0       1968   Library Totals

    ----------------------------------------------------------------------

==============================================================================


      Code (inc. data)   RO Data    RW Data    ZI Data      Debug   

     21102       1016       1918        224      11744     876165   Grand Totals
     21102       1016       1918        224      11744     876165   ELF Image Totals
     21102       1016       1918        224          0          0   ROM Totals

==============================================================================

    Total RO  Size (Code + RO Data)                23020 (  22.48kB)
    Total RW  Size (RW Data + ZI Data)             11968 (  11.69kB)
    Total ROM Size (Code + RO Data + RW Data)      23244 (  22.70kB)

==============================================================================

